Microchip MPLAB XC8 Compiler V2.46

Linker command line:

-W-3 \
  --edf=C:\Program Files\Microchip\xc8\v2.46\pic\dat\20240104201356_en.msgs \
  -cn -h+dist/default/production\I2C_LCD.X.production.sym \
  --cmf=dist/default/production\I2C_LCD.X.production.cmf -z -Q16F877A \
  -oC:\Users\fady0\AppData\Local\Temp\xcAseu8.\driver_tmp_3.o \
  --defsym=__MPLAB_BUILD=1 --fixupoverflow=error \
  -Mdist/default/production/I2C_LCD.X.production.map \
  --md=C:\Users\fady0\AppData\Local\Temp\xcAseu8.\driver_tmp_0.dat -E1 \
  -ver=XC8 Compiler --acfsm=1493 -ACODE=00h-07FFhx4 -ASTRCODE=00h-01FFFh \
  -ASTRING=00h-0FFhx32 -ACONST=00h-0FFhx32 -AENTRY=00h-0FFhx32 \
  -ACOMMON=070h-07Fh -ABANK0=020h-06Fh -ABANK1=0A0h-0EFh \
  -ABANK2=0110h-016Fh -ABANK3=0190h-01EFh \
  -ARAM=020h-06Fh,0A0h-0EFh,0110h-016Fh,0190h-01EFh \
  -AABS1=020h-07Fh,0A0h-0EFh,0110h-016Fh,0190h-01EFh -ASFR0=00h-01Fh \
  -ASFR1=080h-09Fh -ASFR2=0100h-010Fh -ASFR3=0180h-018Fh \
  -ACONFIG=02007h-02007h -DCONFIG=2 -AIDLOC=02000h-02003h -DIDLOC=2 \
  -AEEDATA=00h-0FFh/02100h -peeprom_data=EEDATA -DEEDATA=2 -DCODE=2 \
  -DSTRCODE=2 -DSTRING=2 -DCONST=2 -DENTRY=2 \
  -preset_vec=00h,intentry,sivt,init,end_init -ppowerup=CODE -pcinit=CODE \
  -pfunctab=ENTRY -k \
  C:\Users\fady0\AppData\Local\Temp\xcAseu8.\driver_tmp_12.o \
  dist/default/production\I2C_LCD.X.production.o 

Object code version is 3.11

Machine type is 16F877A



                Name                               Link     Load   Length Selector   Space Scale
C:\Users\fady0\AppData\Local\Temp\xcAseu8.\driver_tmp_12.o
                end_init                              0        0        3        0       0
                config                             2007     2007        1        0       4
dist/default/production\I2C_LCD.X.production.o
                cinit                               7F5      7F5        B      FEA       0
                config                             2007     2007        1        0       4
                text14                              5CE      5CE        D      B9C       0
                text13                              5DB      5DB        D      BB6       0
                text12                              5A6      5A6        9      B4C       0
                text11                              5AF      5AF        9      B5E       0
                text10                              5E8      5E8       10      BD0       0
                text9                               62B      62B       1B      C56       0
                text8                               5F8      5F8       19      BF0       0
                text7                               611      611       1A      C22       0
                text6                               6B4      6B4       88      D68       0
                text5                               5B8      5B8        B      B70       0
                text4                               5C3      5C3        B      B86       0
                text3                               686      686       2E      D0C       0
                text2                               646      646       1B      C8C       0
                text1                               661      661       25      CC2       0
                maintext                            73C      73C       B9      E78       0
                cstackBANK0                          20       20        6       20       1
                cstackCOMMON                         70       70        C       70       1
                dataCOMMON                           7D       7D        1       70       1
                bssCOMMON                            7C       7C        1       70       1
                strings                               3        3       10        6       0
                nvBANK0                              26       26        1       20       1
                idataCOMMON                         5A5      5A5        1      B4A       0

TOTAL           Name                               Link     Load   Length     Space
        CLASS   CODE           
                end_init                              0        0        3         0
                cinit                               7F5      7F5        B         0
                text14                              5CE      5CE        D         0
                text13                              5DB      5DB        D         0
                text12                              5A6      5A6        9         0
                text11                              5AF      5AF        9         0
                text10                              5E8      5E8       10         0
                text9                               62B      62B       1B         0
                text8                               5F8      5F8       19         0
                text7                               611      611       1A         0
                text6                               6B4      6B4       88         0
                text5                               5B8      5B8        B         0
                text4                               5C3      5C3        B         0
                text3                               686      686       2E         0
                text2                               646      646       1B         0
                text1                               661      661       25         0
                maintext                            73C      73C       B9         0
                idataCOMMON                         5A5      5A5        1         0

        CLASS   STRCODE        

        CLASS   STRING         
                strings                               3        3       10         0

        CLASS   CONST          

        CLASS   ENTRY          

        CLASS   COMMON         
                cstackCOMMON                         70       70        C         1
                dataCOMMON                           7D       7D        1         1
                bssCOMMON                            7C       7C        1         1

        CLASS   BANK0          
                cstackBANK0                          20       20        6         1
                nvBANK0                              26       26        1         1

        CLASS   BANK1          

        CLASS   BANK2          

        CLASS   BANK3          

        CLASS   RAM            

        CLASS   ABS1           
                abs_s1                               7E       7E        2         1

        CLASS   SFR0           

        CLASS   SFR1           

        CLASS   SFR2           

        CLASS   SFR3           

        CLASS   CONFIG         
                config                             2007     2007        1         4

        CLASS   IDLOC          

        CLASS   EEDATA         

        CLASS   HEAP           

        CLASS   STACK          



SEGMENTS        Name                           Load    Length   Top    Selector   Space  Class     Delta

                reset_vec                      000000  000003  000003         0       0  CODE        2
                strings                        000003  000010  000013         6       0  STRING      2
                cstackBANK0                    000020  000007  000027        20       1  BANK0       1
                cstackCOMMON                   000070  00000E  00007E        70       1  COMMON      1
                idataCOMMON                    0005A5  000001  0005A6       B4A       0  CODE        2
                text12                         0005A6  000009  0005AF       B4C       0  CODE        2
                text11                         0005AF  000009  0005B8       B5E       0  CODE        2
                text5                          0005B8  00000B  0005C3       B70       0  CODE        2
                text4                          0005C3  00000B  0005CE       B86       0  CODE        2
                text14                         0005CE  00000D  0005DB       B9C       0  CODE        2
                text13                         0005DB  00000D  0005E8       BB6       0  CODE        2
                text10                         0005E8  000010  0005F8       BD0       0  CODE        2
                text8                          0005F8  000019  000611       BF0       0  CODE        2
                text7                          000611  00001A  00062B       C22       0  CODE        2
                text9                          00062B  00001B  000646       C56       0  CODE        2
                text2                          000646  00001B  000661       C8C       0  CODE        2
                text1                          000661  000025  000686       CC2       0  CODE        2
                text3                          000686  00002E  0006B4       D0C       0  CODE        2
                text6                          0006B4  000088  00073C       D68       0  CODE        2
                maintext                       00073C  0000B9  0007F5       E78       0  CODE        2
                cinit                          0007F5  00000B  000800       FEA       0  CODE        2


UNUSED ADDRESS RANGES

        Name                Unused          Largest block    Delta
        BANK0            0027-006F             49           1
        BANK1            00A0-00EF             50           1
        BANK2            0110-016F             60           1
        BANK3            0190-01EF             60           1
        CODE             0013-05A4            592           2
                         0800-1FFF            800
        CONST            0013-05A4            100           2
                         0800-1FFF            100
        EEDATA           2100-21FF            100           2
        ENTRY            0013-05A4            100           2
                         0800-1FFF            100
        IDLOC            2000-2003              4           2
        RAM              0027-006F             49           1
                         00A0-00EF             50
                         0110-016F             60
                         0190-01EF             60
        SFR0             0000-001F             20           1
        SFR1             0080-009F             20           1
        SFR2             0100-010F             10           1
        SFR3             0180-018F             10           1
        STRCODE          0013-05A4            592           2
                         0800-1FFF           1800
        STRING           0013-05A4            100           2
                         0800-1FFF            100

                                  Symbol Table

I2C_Master_Write@data      cstackCOMMON 0070
IO_Expander_Write@Data     cstackCOMMON 0071
LCD_CMD@CMD                cstackCOMMON 0075
LCD_Init@I2C_Add           cstackCOMMON 0078
LCD_Set_Cursor@COL         cstackCOMMON 0076
LCD_Set_Cursor@ROW         cstackCOMMON 0077
LCD_Write_4Bit@Nibble      cstackCOMMON 0073
LCD_Write_Char@Data        cstackCOMMON 0075
LCD_Write_String@Str       cstackCOMMON 0078
LCD_Write_String@i         cstackCOMMON 0076
_ACKDT                     (abs)        048D
_ACKEN                     (abs)        048C
_ACKSTAT                   (abs)        048E
_BackLight_State           dataCOMMON   007D
_I2C_Master_Init           text14       05CE
_I2C_Master_Start          text12       05A6
_I2C_Master_Stop           text11       05AF
_I2C_Master_Wait           text13       05DB
_I2C_Master_Write          text10       05E8
_IO_Expander_Write         text9        062B
_LCD_CMD                   text7        0611
_LCD_Init                  text6        06B4
_LCD_SL                    text5        05B8
_LCD_SR                    text4        05C3
_LCD_Set_Cursor            text3        0686
_LCD_Write_4Bit            text8        05F8
_LCD_Write_Char            text2        0646
_LCD_Write_String          text1        0661
_PEN                       (abs)        048A
_RCEN                      (abs)        048B
_RS                        bssCOMMON    007C
_RSEN                      (abs)        0489
_SEN                       (abs)        0488
_SSPADD                    (abs)        0093
_SSPBUF                    (abs)        0013
_SSPCON                    (abs)        0014
_SSPCON2                   (abs)        0091
_SSPIF                     (abs)        0063
_SSPSTAT                   (abs)        0094
_TRISC3                    (abs)        043B
_TRISC4                    (abs)        043C
__H__absolute__            __absolute__ 0000
__Habs1                    abs1         0000
__Hbank0                   bank0        0000
__Hbank1                   bank1        0000
__Hbank2                   bank2        0000
__Hbank3                   bank3        0000
__HbssCOMMON               bssCOMMON    0000
__Hcinit                   cinit        0800
__Hclrtext                 clrtext      0000
__Hcode                    code         0000
__Hcommon                  common       0000
__Hconfig                  config       2008
__HcstackBANK0             cstackBANK0  0000
__HcstackCOMMON            cstackCOMMON 0000
__HdataCOMMON              dataCOMMON   0000
__Heeprom_data             eeprom_data  0000
__Hend_init                end_init     0003
__Hfunctab                 functab      0000
__Hheap                    heap         0000
__HidataCOMMON             idataCOMMON  0000
__Hinit                    init         0000
__Hintentry                intentry     0000
__Hmaintext                maintext     0000
__HnvBANK0                 nvBANK0      0000
__Hpowerup                 powerup      0000
__Hram                     ram          0000
__Hreset_vec               reset_vec    0000
__Hsfr0                    sfr0         0000
__Hsfr1                    sfr1         0000
__Hsfr2                    sfr2         0000
__Hsfr3                    sfr3         0000
__Hsivt                    sivt         0000
__Hspace_0                 (abs)        0800
__Hspace_1                 (abs)        007E
__Hspace_2                 (abs)        0000
__Hspace_3                 (abs)        0000
__Hspace_4                 (abs)        400F
__Hstack                   stack        0000
__Hstrings                 strings      0000
__Htext                    text         0000
__L__absolute__            __absolute__ 0000
__Labs1                    abs1         0000
__Lbank0                   bank0        0000
__Lbank1                   bank1        0000
__Lbank2                   bank2        0000
__Lbank3                   bank3        0000
__LbssCOMMON               bssCOMMON    0000
__Lcinit                   cinit        07F5
__Lclrtext                 clrtext      0000
__Lcode                    code         0000
__Lcommon                  common       0000
__Lconfig                  config       0000
__LcstackBANK0             cstackBANK0  0000
__LcstackCOMMON            cstackCOMMON 0000
__LdataCOMMON              dataCOMMON   0000
__Leeprom_data             eeprom_data  0000
__Lend_init                end_init     0000
__Lfunctab                 functab      0000
__Lheap                    heap         0000
__LidataCOMMON             idataCOMMON  0000
__Linit                    init         0000
__Lintentry                intentry     0000
__Lmaintext                maintext     0000
__LnvBANK0                 nvBANK0      0000
__Lpowerup                 powerup      0000
__Lram                     ram          0000
__Lreset_vec               reset_vec    0000
__Lsfr0                    sfr0         0000
__Lsfr1                    sfr1         0000
__Lsfr2                    sfr2         0000
__Lsfr3                    sfr3         0000
__Lsivt                    sivt         0000
__Lspace_0                 (abs)        0000
__Lspace_1                 (abs)        0000
__Lspace_2                 (abs)        0000
__Lspace_3                 (abs)        0000
__Lspace_4                 (abs)        0000
__Lstack                   stack        0000
__Lstrings                 strings      0000
__Ltext                    text         0000
__S0                       (abs)        0800
__S1                       (abs)        007E
__S3                       (abs)        0000
___heap_hi                 (abs)        0000
___heap_lo                 (abs)        0000
___int_sp                  stack        0000
___int_stack_hi            stack        0000
___int_stack_lo            stack        0000
___latbits                 (abs)        0002
___sp                      stack        0000
___stack_hi                stack        0000
___stack_lo                stack        0000
___stackhi                 (abs)        0000
___stacklo                 (abs)        0000
__end_of_I2C_Master_Init   text14       05DB
__end_of_I2C_Master_Start  text12       05AF
__end_of_I2C_Master_Stop   text11       05B8
__end_of_I2C_Master_Wait   text13       05E8
__end_of_I2C_Master_Write  text10       05F8
__end_of_IO_Expander_Write text9        0646
__end_of_LCD_CMD           text7        062B
__end_of_LCD_Init          text6        073C
__end_of_LCD_SL            text5        05C3
__end_of_LCD_SR            text4        05CE
__end_of_LCD_Set_Cursor    text3        06B4
__end_of_LCD_Write_4Bit    text8        0611
__end_of_LCD_Write_Char    text2        0661
__end_of_LCD_Write_String  text1        0686
__end_of__initialization   cinit        07FC
__end_of__stringtab        strings      0009
__end_of_main              maintext     07F5
__initialization           cinit        07F5
__pbssCOMMON               bssCOMMON    007C
__pcstackBANK0             cstackBANK0  0020
__pcstackCOMMON            cstackCOMMON 0070
__pdataCOMMON              dataCOMMON   007D
__pidataCOMMON             idataCOMMON  05A5
__pmaintext                maintext     073C
__pnvBANK0                 nvBANK0      0026
__pstrings                 strings      0003
__ptext1                   text1        0661
__ptext10                  text10       05E8
__ptext11                  text11       05AF
__ptext12                  text12       05A6
__ptext13                  text13       05DB
__ptext14                  text14       05CE
__ptext2                   text2        0646
__ptext3                   text3        0686
__ptext4                   text4        05C3
__ptext5                   text5        05B8
__ptext6                   text6        06B4
__ptext7                   text7        0611
__ptext8                   text8        05F8
__ptext9                   text9        062B
__stringbase               strings      0008
__stringtab                strings      0003
_i2c_add                   nvBANK0      0026
_main                      maintext     073C
btemp                      (abs)        007E
end_of_initialization      cinit        07FC
intlevel0                  functab      0000
intlevel1                  functab      0000
intlevel2                  functab      0000
intlevel3                  functab      0000
intlevel4                  functab      0000
intlevel5                  functab      0000
main@i                     cstackBANK0  0020
main@i_64                  cstackBANK0  0022
main@i_65                  cstackBANK0  0024
reset_vec                  reset_vec    0000
start                      init         0000
start_initialization       cinit        07F5
wtemp0                     (abs)        007E


MODULE INFORMATION

Module		Function		Class		Link	Load	Size
shared
		__stringtab    		STRING         	0003	0000	6
		__initialization		CODE           	07F5	0000	7

shared estimated size: 13

I2C_LCD.c
		_LCD_Init      		CODE           	06B4	0000	136
		_LCD_Write_4Bit		CODE           	05F8	0000	25
		_LCD_Write_Char		CODE           	0646	0000	27
		_LCD_CMD       		CODE           	0611	0000	26
		_I2C_Master_Wait		CODE           	05DB	0000	13
		_I2C_Master_Init		CODE           	05CE	0000	13
		_I2C_Master_Stop		CODE           	05AF	0000	9
		_LCD_Set_Cursor		CODE           	0686	0000	46
		_IO_Expander_Write		CODE           	062B	0000	27
		_LCD_SL        		CODE           	05B8	0000	11
		_I2C_Master_Write		CODE           	05E8	0000	16
		_LCD_SR        		CODE           	05C3	0000	11
		_I2C_Master_Start		CODE           	05A6	0000	9
		_LCD_Write_String		CODE           	0661	0000	37

I2C_LCD.c estimated size: 406

main.c
		_main          		CODE           	073C	0000	185

main.c estimated size: 185

