Microchip MPLAB XC8 Compiler V2.46

Linker command line:

-W-3 \
  --edf=C:\Program Files\Microchip\xc8\v2.46\pic\dat\20240104201356_en.msgs \
  -cn -h+dist/default/production\SPI_Master.X.production.sym \
  --cmf=dist/default/production\SPI_Master.X.production.cmf -z -Q16F877A \
  -oC:\Users\fady0\AppData\Local\Temp\xcBs13o.1\driver_tmp_3.o \
  --defsym=__MPLAB_BUILD=1 --fixupoverflow=error \
  -Mdist/default/production/SPI_Master.X.production.map \
  --md=C:\Users\fady0\AppData\Local\Temp\xcBs13o.1\driver_tmp_0.dat -E1 \
  -ver=XC8 Compiler --acfsm=1493 -ACODE=00h-07FFhx4 -ASTRCODE=00h-01FFFh \
  -ASTRING=00h-0FFhx32 -ACONST=00h-0FFhx32 -AENTRY=00h-0FFhx32 \
  -ACOMMON=070h-07Fh -ABANK0=020h-06Fh -ABANK1=0A0h-0EFh \
  -ABANK2=0110h-016Fh -ABANK3=0190h-01EFh \
  -ARAM=020h-06Fh,0A0h-0EFh,0110h-016Fh,0190h-01EFh \
  -AABS1=020h-07Fh,0A0h-0EFh,0110h-016Fh,0190h-01EFh -ASFR0=00h-01Fh \
  -ASFR1=080h-09Fh -ASFR2=0100h-010Fh -ASFR3=0180h-018Fh \
  -ACONFIG=02007h-02007h -DCONFIG=2 -AIDLOC=02000h-02003h -DIDLOC=2 \
  -AEEDATA=00h-0FFh/02100h -peeprom_data=EEDATA -DEEDATA=2 -DCODE=2 \
  -DSTRCODE=2 -DSTRING=2 -DCONST=2 -DENTRY=2 \
  -preset_vec=00h,intentry,sivt,init,end_init -ppowerup=CODE -pcinit=CODE \
  -pfunctab=ENTRY -k \
  C:\Users\fady0\AppData\Local\Temp\xcBs13o.1\driver_tmp_12.o \
  dist/default/production\SPI_Master.X.production.o 

Object code version is 3.11

Machine type is 16F877A



                Name                               Link     Load   Length Selector   Space Scale
C:\Users\fady0\AppData\Local\Temp\xcBs13o.1\driver_tmp_12.o
                end_init                              0        0        3        0       0
                config                             2007     2007        1        0       4
dist/default/production\SPI_Master.X.production.o
                cinit                               7FC      7FC        4      FF8       0
                config                             2007     2007        1        0       4
                text7                               6E9      6E9       19      DD2       0
                text6                               6C2      6C2       10      D84       0
                text5                               6BC      6BC        6      D78       0
                text4                               71D      71D       27      E3A       0
                text3                               6D2      6D2       17      DA4       0
                text2                               744      744       32      E88       0
                text1                               702      702       1B      E04       0
                maintext                            776      776       86      EEC       0
                cstackBANK0                          20       20       14       20       1
                cstackCOMMON                         70       70        D       70       1
                strings                               3        3       14        6       0

TOTAL           Name                               Link     Load   Length     Space
        CLASS   CODE           
                end_init                              0        0        3         0
                cinit                               7FC      7FC        4         0
                text7                               6E9      6E9       19         0
                text6                               6C2      6C2       10         0
                text5                               6BC      6BC        6         0
                text4                               71D      71D       27         0
                text3                               6D2      6D2       17         0
                text2                               744      744       32         0
                text1                               702      702       1B         0
                maintext                            776      776       86         0

        CLASS   STRCODE        

        CLASS   STRING         
                strings                               3        3       14         0

        CLASS   CONST          

        CLASS   ENTRY          

        CLASS   COMMON         
                cstackCOMMON                         70       70        D         1

        CLASS   BANK0          
                cstackBANK0                          20       20       14         1

        CLASS   BANK1          

        CLASS   BANK2          

        CLASS   BANK3          

        CLASS   RAM            

        CLASS   ABS1           
                abs_s1                               7E       7E        2         1

        CLASS   SFR0           

        CLASS   SFR1           

        CLASS   SFR2           

        CLASS   SFR3           

        CLASS   CONFIG         
                config                             2007     2007        1         4

        CLASS   IDLOC          

        CLASS   EEDATA         

        CLASS   HEAP           

        CLASS   STACK          



SEGMENTS        Name                           Load    Length   Top    Selector   Space  Class     Delta

                reset_vec                      000000  000003  000003         0       0  CODE        2
                strings                        000003  000014  000017         6       0  STRING      2
                cstackBANK0                    000020  000014  000034        20       1  BANK0       1
                cstackCOMMON                   000070  00000D  00007D        70       1  COMMON      1
                text5                          0006BC  000006  0006C2       D78       0  CODE        2
                text6                          0006C2  000010  0006D2       D84       0  CODE        2
                text3                          0006D2  000017  0006E9       DA4       0  CODE        2
                text7                          0006E9  000019  000702       DD2       0  CODE        2
                text1                          000702  00001B  00071D       E04       0  CODE        2
                text4                          00071D  000027  000744       E3A       0  CODE        2
                text2                          000744  000032  000776       E88       0  CODE        2
                maintext                       000776  000086  0007FC       EEC       0  CODE        2
                cinit                          0007FC  000004  000800       FF8       0  CODE        2


UNUSED ADDRESS RANGES

        Name                Unused          Largest block    Delta
        BANK0            0034-006F             3C           1
        BANK1            00A0-00EF             50           1
        BANK2            0110-016F             60           1
        BANK3            0190-01EF             60           1
        CODE             0017-06BB            6A5           2
                         0800-1FFF            800
        COMMON           007D-007D              1           1
        CONST            0017-06BB            100           2
                         0800-1FFF            100
        EEDATA           2100-21FF            100           2
        ENTRY            0017-06BB            100           2
                         0800-1FFF            100
        IDLOC            2000-2003              4           2
        RAM              0034-006F             3C           1
                         00A0-00EF             50
                         0110-016F             60
                         0190-01EF             60
        SFR0             0000-001F             20           1
        SFR1             0080-009F             20           1
        SFR2             0100-010F             10           1
        SFR3             0180-018F             10           1
        STRCODE          0017-06BB            6A5           2
                         0800-1FFF           1800
        STRING           0017-06BB            100           2
                         0800-1FFF            100

                                  Symbol Table

?_strlen                               cstackCOMMON 0070
SPI_Write_String@Text                  cstackCOMMON 0074
SPI_Write_String@i                     cstackCOMMON 0073
Shift_String_Right_Add_Length@i_97     cstackCOMMON 0077
Shift_String_Right_Add_Length@len      cstackCOMMON 0076
Shift_String_Right_Add_Length@str      cstackCOMMON 0079
Write_data@data                        cstackCOMMON 0070
_CKE                                   (abs)        04A6
_CKP                                   (abs)        00A4
_PORTB                                 (abs)        0006
_PORTD                                 (abs)        0008
_Port_Init                             text7        06E9
_RB0                                   (abs)        0030
_RB1                                   (abs)        0031
_RB2                                   (abs)        0032
_RB3                                   (abs)        0033
_SMP                                   (abs)        04A7
_SPI_Master_Init                       text6        06C2
_SPI_Write_String                      text4        071D
_SSPBUF                                (abs)        0013
_SSPEN                                 (abs)        00A5
_SSPM0                                 (abs)        00A0
_SSPM1                                 (abs)        00A1
_SSPM2                                 (abs)        00A2
_SSPM3                                 (abs)        00A3
_Shift_String_Right_Add_Length         text2        0744
_TRISB                                 (abs)        0086
_TRISC3                                (abs)        043B
_TRISC4                                (abs)        043C
_TRISC5                                (abs)        043D
_TRISD                                 (abs)        0088
_Write_data                            text5        06BC
__H__absolute__                        __absolute__ 0000
__Habs1                                abs1         0000
__Hbank0                               bank0        0000
__Hbank1                               bank1        0000
__Hbank2                               bank2        0000
__Hbank3                               bank3        0000
__Hcinit                               cinit        0800
__Hclrtext                             clrtext      0000
__Hcode                                code         0000
__Hcommon                              common       0000
__Hconfig                              config       2008
__HcstackBANK0                         cstackBANK0  0000
__HcstackCOMMON                        cstackCOMMON 0000
__Heeprom_data                         eeprom_data  0000
__Hend_init                            end_init     0003
__Hfunctab                             functab      0000
__Hheap                                heap         0000
__Hinit                                init         0000
__Hintentry                            intentry     0000
__Hmaintext                            maintext     0000
__Hpowerup                             powerup      0000
__Hram                                 ram          0000
__Hreset_vec                           reset_vec    0000
__Hsfr0                                sfr0         0000
__Hsfr1                                sfr1         0000
__Hsfr2                                sfr2         0000
__Hsfr3                                sfr3         0000
__Hsivt                                sivt         0000
__Hspace_0                             (abs)        0800
__Hspace_1                             (abs)        007D
__Hspace_2                             (abs)        0000
__Hspace_3                             (abs)        0000
__Hspace_4                             (abs)        400F
__Hstack                               stack        0000
__Hstrings                             strings      0000
__Htext                                text         0000
__L__absolute__                        __absolute__ 0000
__Labs1                                abs1         0000
__Lbank0                               bank0        0000
__Lbank1                               bank1        0000
__Lbank2                               bank2        0000
__Lbank3                               bank3        0000
__Lcinit                               cinit        07FC
__Lclrtext                             clrtext      0000
__Lcode                                code         0000
__Lcommon                              common       0000
__Lconfig                              config       0000
__LcstackBANK0                         cstackBANK0  0000
__LcstackCOMMON                        cstackCOMMON 0000
__Leeprom_data                         eeprom_data  0000
__Lend_init                            end_init     0000
__Lfunctab                             functab      0000
__Lheap                                heap         0000
__Linit                                init         0000
__Lintentry                            intentry     0000
__Lmaintext                            maintext     0000
__Lpowerup                             powerup      0000
__Lram                                 ram          0000
__Lreset_vec                           reset_vec    0000
__Lsfr0                                sfr0         0000
__Lsfr1                                sfr1         0000
__Lsfr2                                sfr2         0000
__Lsfr3                                sfr3         0000
__Lsivt                                sivt         0000
__Lspace_0                             (abs)        0000
__Lspace_1                             (abs)        0000
__Lspace_2                             (abs)        0000
__Lspace_3                             (abs)        0000
__Lspace_4                             (abs)        0000
__Lstack                               stack        0000
__Lstrings                             strings      0000
__Ltext                                text         0000
__S0                                   (abs)        0800
__S1                                   (abs)        007D
__S3                                   (abs)        0000
___heap_hi                             (abs)        0000
___heap_lo                             (abs)        0000
___int_sp                              stack        0000
___int_stack_hi                        stack        0000
___int_stack_lo                        stack        0000
___latbits                             (abs)        0002
___sp                                  stack        0000
___stack_hi                            stack        0000
___stack_lo                            stack        0000
___stackhi                             (abs)        0000
___stacklo                             (abs)        0000
__end_of_Port_Init                     text7        0702
__end_of_SPI_Master_Init               text6        06D2
__end_of_SPI_Write_String              text4        0744
__end_of_Shift_String_Right_Add_Length text2        0776
__end_of_Write_data                    text5        06C2
__end_of__initialization               cinit        07FC
__end_of__stringtab                    strings      0009
__end_of_main                          maintext     07FC
__end_of_strcpy                        text1        071D
__end_of_strlen                        text3        06E9
__initialization                       cinit        07FC
__pcstackBANK0                         cstackBANK0  0020
__pcstackCOMMON                        cstackCOMMON 0070
__pmaintext                            maintext     0776
__pstrings                             strings      0003
__ptext1                               text1        0702
__ptext2                               text2        0744
__ptext3                               text3        06D2
__ptext4                               text4        071D
__ptext5                               text5        06BC
__ptext6                               text6        06C2
__ptext7                               text7        06E9
__stringbase                           strings      0008
__stringtab                            strings      0003
_main                                  maintext     0776
_strcpy                                text1        0702
_strlen                                text3        06D2
btemp                                  (abs)        007E
end_of_initialization                  cinit        07FC
intlevel0                              functab      0000
intlevel1                              functab      0000
intlevel2                              functab      0000
intlevel3                              functab      0000
intlevel4                              functab      0000
intlevel5                              functab      0000
main@buffer                            cstackBANK0  0020
reset_vec                              reset_vec    0000
start                                  init         0000
start_initialization                   cinit        07FC
strcpy@d                               cstackCOMMON 0071
strcpy@dest                            cstackCOMMON 0072
strcpy@src                             cstackCOMMON 0070
strlen@a                               cstackCOMMON 0072
strlen@s                               cstackCOMMON 0073
wtemp0                                 (abs)        007E


MODULE INFORMATION

Module		Function		Class		Link	Load	Size
C:\Program Files\Microchip\xc8\v2.46\pic\sources\c99\common\strlen.c
		_strlen        		CODE           	06D2	0000	23

C:\Program Files\Microchip\xc8\v2.46\pic\sources\c99\common\strlen.c estimated size: 23

C:\Program Files\Microchip\xc8\v2.46\pic\sources\c99\common\strcpy.c
		_strcpy        		CODE           	0702	0000	27

C:\Program Files\Microchip\xc8\v2.46\pic\sources\c99\common\strcpy.c estimated size: 27

shared
		__stringtab    		STRING         	0003	0000	6
		__initialization		CODE           	07FC	0000	1

shared estimated size: 7

main.c
		_main          		CODE           	0776	0000	134
		_SPI_Master_Init		CODE           	06C2	0000	16
		_Port_Init     		CODE           	06E9	0000	25
		_SPI_Write_String		CODE           	071D	0000	39
		_Shift_String_Right_Add_Length		CODE           	0744	0000	50
		_Write_data    		CODE           	06BC	0000	6

main.c estimated size: 270

