Microchip MPLAB XC8 Compiler V2.46

Linker command line:

-W-3 \
  --edf=C:\Program Files\Microchip\xc8\v2.46\pic\dat\20240104201356_en.msgs \
  -cn -h+dist/default/production\SPI_Master.X.production.sym \
  --cmf=dist/default/production\SPI_Master.X.production.cmf -z -Q16F877A \
  -oC:\Users\fady0\AppData\Local\Temp\xcBsp0.1\driver_tmp_3.o \
  --defsym=__MPLAB_BUILD=1 --fixupoverflow=error \
  -Mdist/default/production/SPI_Master.X.production.map \
  --md=C:\Users\fady0\AppData\Local\Temp\xcBsp0.1\driver_tmp_0.dat -E1 \
  -ver=XC8 Compiler --acfsm=1493 -AHEAP=0110h-016Fh -pheap=HEAP \
  -ACODE=00h-07FFhx4 -ASTRCODE=00h-01FFFh -ASTRING=00h-0FFhx32 \
  -ACONST=00h-0FFhx32 -AENTRY=00h-0FFhx32 -ACOMMON=070h-07Fh \
  -ABANK0=020h-06Fh -ABANK1=0A0h-0EFh -ABANK2=0110h-016Fh \
  -ABANK3=0190h-01EFh -ARAM=020h-06Fh,0A0h-0EFh,0110h-016Fh,0190h-01EFh \
  -AABS1=020h-07Fh,0A0h-0EFh,0110h-016Fh,0190h-01EFh -ASFR0=00h-01Fh \
  -ASFR1=080h-09Fh -ASFR2=0100h-010Fh -ASFR3=0180h-018Fh \
  -ACONFIG=02007h-02007h -DCONFIG=2 -AIDLOC=02000h-02003h -DIDLOC=2 \
  -AEEDATA=00h-0FFh/02100h -peeprom_data=EEDATA -DEEDATA=2 -DCODE=2 \
  -DSTRCODE=2 -DSTRING=2 -DCONST=2 -DENTRY=2 \
  -preset_vec=00h,intentry,sivt,init,end_init -ppowerup=CODE -pcinit=CODE \
  -pfunctab=ENTRY -k \
  C:\Users\fady0\AppData\Local\Temp\xcBsp0.1\driver_tmp_12.o \
  dist/default/production\SPI_Master.X.production.o 

Object code version is 3.11

Machine type is 16F877A



                Name                               Link     Load   Length Selector   Space Scale
C:\Users\fady0\AppData\Local\Temp\xcBsp0.1\driver_tmp_12.o
                heap                                110      110       60      110       7
                end_init                              0        0        3        0       0
                config                             2007     2007        1        0       4
dist/default/production\SPI_Master.X.production.o
                cinit                               7ED      7ED       13      FDA       0
                config                             2007     2007        1        0       4
                text7                               537      537       19      A6E       0
                text6                               527      527       10      A4E       0
                text5                               521      521        6      A42       0
                text4                               550      550       3C      AA0       0
                text3                               58C      58C       4D      B18       0
                text2                               70B      70B       E2      E16       0
                text1                               651      651       BA      CA2       0
                maintext                            5D9      5D9       78      BB2       0
                cstackBANK0                          20       20       13       20       1
                cstackCOMMON                         70       70        E       70       1
                bssBANK0                             33       33        D       20       1
                strings                               3        3       1A        6       0

TOTAL           Name                               Link     Load   Length     Space
        CLASS   HEAP           
                heap                                110      110       60         7

        CLASS   CODE           
                end_init                              0        0        3         0
                cinit                               7ED      7ED       13         0
                text7                               537      537       19         0
                text6                               527      527       10         0
                text5                               521      521        6         0
                text4                               550      550       3C         0
                text3                               58C      58C       4D         0
                text2                               70B      70B       E2         0
                text1                               651      651       BA         0
                maintext                            5D9      5D9       78         0

        CLASS   STRCODE        

        CLASS   STRING         
                strings                               3        3       1A         0

        CLASS   CONST          

        CLASS   ENTRY          

        CLASS   COMMON         
                cstackCOMMON                         70       70        E         1

        CLASS   BANK0          
                cstackBANK0                          20       20       13         1
                bssBANK0                             33       33        D         1

        CLASS   BANK1          

        CLASS   BANK2          

        CLASS   BANK3          

        CLASS   RAM            

        CLASS   ABS1           
                abs_s1                               7E       7E        2         1

        CLASS   SFR0           

        CLASS   SFR1           

        CLASS   SFR2           

        CLASS   SFR3           

        CLASS   CONFIG         
                config                             2007     2007        1         4

        CLASS   IDLOC          

        CLASS   EEDATA         

        CLASS   STACK          



SEGMENTS        Name                           Load    Length   Top    Selector   Space  Class     Delta

                reset_vec                      000000  000003  000003         0       0  CODE        2
                strings                        000003  00001A  00001D         6       0  STRING      2
                cstackBANK0                    000020  000020  000040        20       1  BANK0       1
                cstackCOMMON                   000070  00000E  00007E        70       1  COMMON      1
                heap                           000110  000060  000170       110       7  HEAP        1
                text5                          000521  000006  000527       A42       0  CODE        2
                text6                          000527  000010  000537       A4E       0  CODE        2
                text7                          000537  000019  000550       A6E       0  CODE        2
                text4                          000550  00003C  00058C       AA0       0  CODE        2
                text3                          00058C  00004D  0005D9       B18       0  CODE        2
                maintext                       0005D9  000078  000651       BB2       0  CODE        2
                text1                          000651  0000BA  00070B       CA2       0  CODE        2
                text2                          00070B  0000E2  0007ED       E16       0  CODE        2
                cinit                          0007ED  000013  000800       FDA       0  CODE        2


UNUSED ADDRESS RANGES

        Name                Unused          Largest block    Delta
        BANK0            0040-006F             30           1
        BANK1            00A0-00EF             50           1
        BANK2            0110-016F             60           1
        BANK3            0190-01EF             60           1
        CODE             001D-0520            504           2
                         0800-1FFF            800
        CONST            001D-0520            100           2
                         0800-1FFF            100
        EEDATA           2100-21FF            100           2
        ENTRY            001D-0520            100           2
                         0800-1FFF            100
        IDLOC            2000-2003              4           2
        RAM              0040-006F             30           1
                         00A0-00EF             50
                         0110-016F             60
                         0190-01EF             60
        SFR0             0000-001F             20           1
        SFR1             0080-009F             20           1
        SFR2             0100-010F             10           1
        SFR3             0180-018F             10           1
        STRCODE          001D-0520            504           2
                         0800-1FFF           1800
        STRING           001D-0520            100           2
                         0800-1FFF            100

                                  Symbol Table

?___expand_heap                    cstackCOMMON 0070
?_malloc                           cstackBANK0  0020
SPI_Write_String@Text              cstackCOMMON 0071
SPI_Write_String@i                 cstackCOMMON 0075
Write_data@data                    cstackCOMMON 0070
_CKE                               (abs)        04A6
_CKP                               (abs)        00A4
_PORTB                             (abs)        0006
_PORTD                             (abs)        0008
_Port_Init                         text7        0537
_RB0                               (abs)        0030
_RB1                               (abs)        0031
_RB2                               (abs)        0032
_SMP                               (abs)        04A7
_SPI_Master_Init                   text6        0527
_SPI_Write_String                  text4        0550
_SSPBUF                            (abs)        0013
_SSPEN                             (abs)        00A5
_SSPM0                             (abs)        00A0
_SSPM1                             (abs)        00A1
_SSPM2                             (abs)        00A2
_SSPM3                             (abs)        00A3
_TRISB                             (abs)        0086
_TRISC3                            (abs)        043B
_TRISC4                            (abs)        043C
_TRISC5                            (abs)        043D
_TRISD                             (abs)        0088
_Write_data                        text5        0521
__H__absolute__                    __absolute__ 0000
__Habs1                            abs1         0000
__Hbank0                           bank0        0000
__Hbank1                           bank1        0000
__Hbank2                           bank2        0000
__Hbank3                           bank3        0000
__HbssBANK0                        bssBANK0     0000
__Hcinit                           cinit        0800
__Hclrtext                         clrtext      0000
__Hcode                            code         0000
__Hcommon                          common       0000
__Hconfig                          config       2008
__HcstackBANK0                     cstackBANK0  0000
__HcstackCOMMON                    cstackCOMMON 0000
__Heeprom_data                     eeprom_data  0000
__Hend_init                        end_init     0003
__Hfunctab                         functab      0000
__Hheap                            heap         0170
__Hinit                            init         0000
__Hintentry                        intentry     0000
__Hmaintext                        maintext     0000
__Hpowerup                         powerup      0000
__Hram                             ram          0000
__Hreset_vec                       reset_vec    0000
__Hsfr0                            sfr0         0000
__Hsfr1                            sfr1         0000
__Hsfr2                            sfr2         0000
__Hsfr3                            sfr3         0000
__Hsivt                            sivt         0000
__Hspace_0                         (abs)        0800
__Hspace_1                         (abs)        007E
__Hspace_2                         (abs)        0000
__Hspace_3                         (abs)        0000
__Hspace_4                         (abs)        400F
__Hstack                           stack        0000
__Hstrings                         strings      0000
__Htext                            text         0000
__L__absolute__                    __absolute__ 0000
__Labs1                            abs1         0000
__Lbank0                           bank0        0000
__Lbank1                           bank1        0000
__Lbank2                           bank2        0000
__Lbank3                           bank3        0000
__LbssBANK0                        bssBANK0     0000
__Lcinit                           cinit        07ED
__Lclrtext                         clrtext      0000
__Lcode                            code         0000
__Lcommon                          common       0000
__Lconfig                          config       0000
__LcstackBANK0                     cstackBANK0  0000
__LcstackCOMMON                    cstackCOMMON 0000
__Leeprom_data                     eeprom_data  0000
__Lend_init                        end_init     0000
__Lfunctab                         functab      0000
__Lheap                            heap         0110
__Linit                            init         0000
__Lintentry                        intentry     0000
__Lmaintext                        maintext     0000
__Lpowerup                         powerup      0000
__Lram                             ram          0000
__Lreset_vec                       reset_vec    0000
__Lsfr0                            sfr0         0000
__Lsfr1                            sfr1         0000
__Lsfr2                            sfr2         0000
__Lsfr3                            sfr3         0000
__Lsivt                            sivt         0000
__Lspace_0                         (abs)        0000
__Lspace_1                         (abs)        0000
__Lspace_2                         (abs)        0000
__Lspace_3                         (abs)        0000
__Lspace_4                         (abs)        0000
__Lstack                           stack        0000
__Lstrings                         strings      0000
__Ltext                            text         0000
__S0                               (abs)        0800
__S1                               (abs)        007E
__S3                               (abs)        0000
__S7                               (abs)        0170
___expand_heap                     text3        058C
___expand_heap@n                   cstackCOMMON 0071
___expand_heap@new_brkp            cstackCOMMON 0073
___expand_heap@pn                  cstackCOMMON 0070
___freelist                        bssBANK0     003F
___heap_hi                         heap         0170
___heap_lo                         heap         0110
___int_sp                          stack        0000
___int_stack_hi                    stack        0000
___int_stack_lo                    stack        0000
___latbits                         (abs)        0002
___simple_search_fl                text2        070B
___simple_search_fl@best           cstackCOMMON 007D
___simple_search_fl@best_last      cstackCOMMON 0078
___simple_search_fl@c              cstackCOMMON 007C
___simple_search_fl@last           cstackCOMMON 007A
___simple_search_fl@n              cstackCOMMON 0070
___simple_search_fl@next           cstackCOMMON 007B
___simple_search_fl@remaining_size cstackCOMMON 0076
___simple_search_fl@split          cstackCOMMON 0079
___sp                              stack        0000
___stack_hi                        stack        0000
___stack_lo                        stack        0000
___stackhi                         (abs)        0000
___stacklo                         (abs)        0000
__end_of_Port_Init                 text7        0550
__end_of_SPI_Master_Init           text6        0537
__end_of_SPI_Write_String          text4        058C
__end_of_Write_data                text5        0527
__end_of___expand_heap             text3        05D9
__end_of___simple_search_fl        text2        07ED
__end_of__initialization           cinit        07FC
__end_of__stringtab                strings      0013
__end_of_main                      maintext     0651
__end_of_malloc                    text1        070B
__initialization                   cinit        07ED
__pbssBANK0                        bssBANK0     0033
__pcstackBANK0                     cstackBANK0  0020
__pcstackCOMMON                    cstackCOMMON 0070
__pmaintext                        maintext     05D9
__pstrings                         strings      0003
__ptext1                           text1        0651
__ptext2                           text2        070B
__ptext3                           text3        058C
__ptext4                           text4        0550
__ptext5                           text5        0521
__ptext6                           text6        0527
__ptext7                           text7        0537
__stringbase                       strings      0012
__stringtab                        strings      0003
_brkp                              bssBANK0     0037
_errno                             bssBANK0     003D
_main                              maintext     05D9
_malloc                            text1        0651
btemp                              (abs)        007E
end_of_initialization              cinit        07FC
intlevel0                          functab      0000
intlevel1                          functab      0000
intlevel2                          functab      0000
intlevel3                          functab      0000
intlevel4                          functab      0000
intlevel5                          functab      0000
main@buffer                        cstackBANK0  0031
malloc@cur                         bssBANK0     003B
malloc@end                         bssBANK0     0039
malloc@lock                        bssBANK0     0033
malloc@m                           cstackBANK0  0024
malloc@n                           cstackBANK0  0020
malloc@new                         cstackBANK0  002C
malloc@p                           cstackBANK0  002A
malloc@size                        cstackBANK0  0028
malloc@sz                          cstackBANK0  0026
reset_vec                          reset_vec    0000
start                              init         0000
start_initialization               cinit        07ED
wtemp0                             (abs)        007E


MODULE INFORMATION

Module		Function		Class		Link	Load	Size
C:\Program Files\Microchip\xc8\v2.46\pic\sources\c99\common\lite_free.c
		___simple_search_fl		CODE           	070B	0000	226

C:\Program Files\Microchip\xc8\v2.46\pic\sources\c99\common\lite_free.c estimated size: 226

C:\Program Files\Microchip\xc8\v2.46\pic\sources\c99\common\expand_heap.c
		___expand_heap 		CODE           	058C	0000	77

C:\Program Files\Microchip\xc8\v2.46\pic\sources\c99\common\expand_heap.c estimated size: 77

shared
		__stringtab    		STRING         	0003	0000	16
		__initialization		CODE           	07ED	0000	15

shared estimated size: 31

C:\Program Files\Microchip\xc8\v2.46\pic\sources\c99\common\lite_malloc.c
		_malloc        		CODE           	0651	0000	186

C:\Program Files\Microchip\xc8\v2.46\pic\sources\c99\common\lite_malloc.c estimated size: 186

main.c
		_main          		CODE           	05D9	0000	120
		_SPI_Master_Init		CODE           	0527	0000	16
		_Port_Init     		CODE           	0537	0000	25
		_SPI_Write_String		CODE           	0550	0000	60
		_Write_data    		CODE           	0521	0000	6

main.c estimated size: 227

