Microchip MPLAB XC8 Compiler V2.46

Linker command line:

-W-3 \
  --edf=C:\Program Files\Microchip\xc8\v2.46\pic\dat\20240104201356_en.msgs \
  -cn \
  -h+dist/default/production\Ultrasonic_Sensor_Distance.X.production.sym \
  --cmf=dist/default/production\Ultrasonic_Sensor_Distance.X.production.cmf \
  -z -Q16F877A -oC:\Users\fady0\AppData\Local\Temp\xcAsf2k.\driver_tmp_3.o \
  --defsym=__MPLAB_BUILD=1 --fixupoverflow=error \
  -Mdist/default/production/Ultrasonic_Sensor_Distance.X.production.map \
  --md=C:\Users\fady0\AppData\Local\Temp\xcAsf2k.\driver_tmp_0.dat -E1 \
  -ver=XC8 Compiler --acfsm=1493 -ACODE=00h-07FFhx4 -ASTRCODE=00h-01FFFh \
  -ASTRING=00h-0FFhx32 -ACONST=00h-0FFhx32 -AENTRY=00h-0FFhx32 \
  -ACOMMON=070h-07Fh -ABANK0=020h-06Fh -ABANK1=0A0h-0EFh \
  -ABANK2=0110h-016Fh -ABANK3=0190h-01EFh \
  -ARAM=020h-06Fh,0A0h-0EFh,0110h-016Fh,0190h-01EFh \
  -AABS1=020h-07Fh,0A0h-0EFh,0110h-016Fh,0190h-01EFh -ASFR0=00h-01Fh \
  -ASFR1=080h-09Fh -ASFR2=0100h-010Fh -ASFR3=0180h-018Fh \
  -ACONFIG=02007h-02007h -DCONFIG=2 -AIDLOC=02000h-02003h -DIDLOC=2 \
  -AEEDATA=00h-0FFh/02100h -peeprom_data=EEDATA -DEEDATA=2 -DCODE=2 \
  -DSTRCODE=2 -DSTRING=2 -DCONST=2 -DENTRY=2 \
  -preset_vec=00h,intentry,sivt,init,end_init -ppowerup=CODE -pcinit=CODE \
  -pfunctab=ENTRY -k \
  C:\Users\fady0\AppData\Local\Temp\xcAsf2k.\driver_tmp_12.o \
  dist/default/production\Ultrasonic_Sensor_Distance.X.production.o 

Object code version is 3.11

Machine type is 16F877A



                Name                               Link     Load   Length Selector   Space Scale
C:\Users\fady0\AppData\Local\Temp\xcAsf2k.\driver_tmp_12.o
                end_init                              0        0        3        0       0
                config                             2007     2007        1        0       4
dist/default/production\Ultrasonic_Sensor_Distance.X.production.o
                cinit                               7FC      7FC        4      FF8       0
                config                             2007     2007        1        0       4
                text6                               42E      42E       22      85C       0
                text5                               422      422        C      844       0
                text4                               4FD      4FD       78      9FA       0
                text3                               62D      62D      1CF      C5A       0
                text2                               575      575       B8      AEA       0
                text1                               450      450       55      8A0       0
                maintext                            4A5      4A5       58      94A       0
                cstackBANK0                          20       20       30       20       1
                cstackCOMMON                         70       70        E       70       1

TOTAL           Name                               Link     Load   Length     Space
        CLASS   CODE           
                end_init                              0        0        3         0
                cinit                               7FC      7FC        4         0
                text6                               42E      42E       22         0
                text5                               422      422        C         0
                text4                               4FD      4FD       78         0
                text3                               62D      62D      1CF         0
                text2                               575      575       B8         0
                text1                               450      450       55         0
                maintext                            4A5      4A5       58         0

        CLASS   STRCODE        

        CLASS   STRING         

        CLASS   CONST          

        CLASS   ENTRY          

        CLASS   COMMON         
                cstackCOMMON                         70       70        E         1

        CLASS   BANK0          
                cstackBANK0                          20       20       30         1

        CLASS   BANK1          

        CLASS   BANK2          

        CLASS   BANK3          

        CLASS   RAM            

        CLASS   ABS1           
                abs_s1                               7E       7E        2         1

        CLASS   SFR0           

        CLASS   SFR1           

        CLASS   SFR2           

        CLASS   SFR3           

        CLASS   CONFIG         
                config                             2007     2007        1         4

        CLASS   IDLOC          

        CLASS   EEDATA         

        CLASS   HEAP           

        CLASS   STACK          



SEGMENTS        Name                           Load    Length   Top    Selector   Space  Class     Delta

                reset_vec                      000000  000003  000003         0       0  CODE        2
                cstackBANK0                    000020  000030  000050        20       1  BANK0       1
                cstackCOMMON                   000070  00000E  00007E        70       1  COMMON      1
                text5                          000422  00000C  00042E       844       0  CODE        2
                text6                          00042E  000022  000450       85C       0  CODE        2
                text1                          000450  000055  0004A5       8A0       0  CODE        2
                maintext                       0004A5  000058  0004FD       94A       0  CODE        2
                text4                          0004FD  000078  000575       9FA       0  CODE        2
                text2                          000575  0000B8  00062D       AEA       0  CODE        2
                text3                          00062D  0001CF  0007FC       C5A       0  CODE        2
                cinit                          0007FC  000004  000800       FF8       0  CODE        2


UNUSED ADDRESS RANGES

        Name                Unused          Largest block    Delta
        BANK0            0050-006F             20           1
        BANK1            00A0-00EF             50           1
        BANK2            0110-016F             60           1
        BANK3            0190-01EF             60           1
        CODE             0003-0421            41F           2
                         0800-1FFF            800
        CONST            0003-0421            100           2
                         0800-1FFF            100
        EEDATA           2100-21FF            100           2
        ENTRY            0003-0421            100           2
                         0800-1FFF            100
        IDLOC            2000-2003              4           2
        RAM              0050-006F             20           1
                         00A0-00EF             50
                         0110-016F             60
                         0190-01EF             60
        SFR0             0000-001F             20           1
        SFR1             0080-009F             20           1
        SFR2             0100-010F             10           1
        SFR3             0180-018F             10           1
        STRCODE          0003-0421            41F           2
                         0800-1FFF           1800
        STRING           0003-0421            100           2
                         0800-1FFF            100

                                  Symbol Table

?___fldiv                cstackBANK0  0020
?___fltol                cstackBANK0  0043
?___xxtofl               cstackCOMMON 0070
?_get_dist               cstackBANK0  003A
_GIE                     (abs)        005F
_PEIE                    (abs)        005E
_PORTB                   (abs)        0006
_PORTC                   (abs)        0007
_Port_Init               text6        042E
_T1CON                   (abs)        0010
_TMR1                    (abs)        000E
_TMR1IE                  (abs)        0460
_TMR1IF                  (abs)        0060
_TRISB                   (abs)        0086
_TRISC                   (abs)        0087
_Timer1_Init             text5        0422
__H__absolute__          __absolute__ 0000
__Habs1                  abs1         0000
__Hbank0                 bank0        0000
__Hbank1                 bank1        0000
__Hbank2                 bank2        0000
__Hbank3                 bank3        0000
__Hcinit                 cinit        0800
__Hclrtext               clrtext      0000
__Hcode                  code         0000
__Hcommon                common       0000
__Hconfig                config       2008
__HcstackBANK0           cstackBANK0  0000
__HcstackCOMMON          cstackCOMMON 0000
__Heeprom_data           eeprom_data  0000
__Hend_init              end_init     0003
__Hfunctab               functab      0000
__Hheap                  heap         0000
__Hinit                  init         0000
__Hintentry              intentry     0000
__Hmaintext              maintext     0000
__Hpowerup               powerup      0000
__Hram                   ram          0000
__Hreset_vec             reset_vec    0000
__Hsfr0                  sfr0         0000
__Hsfr1                  sfr1         0000
__Hsfr2                  sfr2         0000
__Hsfr3                  sfr3         0000
__Hsivt                  sivt         0000
__Hspace_0               (abs)        0800
__Hspace_1               (abs)        007E
__Hspace_2               (abs)        0000
__Hspace_3               (abs)        0000
__Hspace_4               (abs)        400F
__Hstack                 stack        0000
__Hstrings               strings      0000
__Htext                  text         0000
__L__absolute__          __absolute__ 0000
__Labs1                  abs1         0000
__Lbank0                 bank0        0000
__Lbank1                 bank1        0000
__Lbank2                 bank2        0000
__Lbank3                 bank3        0000
__Lcinit                 cinit        07FC
__Lclrtext               clrtext      0000
__Lcode                  code         0000
__Lcommon                common       0000
__Lconfig                config       0000
__LcstackBANK0           cstackBANK0  0000
__LcstackCOMMON          cstackCOMMON 0000
__Leeprom_data           eeprom_data  0000
__Lend_init              end_init     0000
__Lfunctab               functab      0000
__Lheap                  heap         0000
__Linit                  init         0000
__Lintentry              intentry     0000
__Lmaintext              maintext     0000
__Lpowerup               powerup      0000
__Lram                   ram          0000
__Lreset_vec             reset_vec    0000
__Lsfr0                  sfr0         0000
__Lsfr1                  sfr1         0000
__Lsfr2                  sfr2         0000
__Lsfr3                  sfr3         0000
__Lsivt                  sivt         0000
__Lspace_0               (abs)        0000
__Lspace_1               (abs)        0000
__Lspace_2               (abs)        0000
__Lspace_3               (abs)        0000
__Lspace_4               (abs)        0000
__Lstack                 stack        0000
__Lstrings               strings      0000
__Ltext                  text         0000
__S0                     (abs)        0800
__S1                     (abs)        007E
__S3                     (abs)        0000
___fldiv                 text3        062D
___fldiv@a               cstackBANK0  0020
___fldiv@aexp            cstackBANK0  0039
___fldiv@b               cstackBANK0  0024
___fldiv@bexp            cstackBANK0  0038
___fldiv@grs             cstackBANK0  0034
___fldiv@new_exp         cstackBANK0  0032
___fldiv@rem             cstackBANK0  002D
___fldiv@sign            cstackBANK0  0031
___fltol                 text4        04FD
___fltol@exp1            cstackBANK0  004C
___fltol@f1              cstackBANK0  0043
___fltol@sign1           cstackBANK0  004B
___heap_hi               (abs)        0000
___heap_lo               (abs)        0000
___int_sp                stack        0000
___int_stack_hi          stack        0000
___int_stack_lo          stack        0000
___latbits               (abs)        0002
___sp                    stack        0000
___stack_hi              stack        0000
___stack_lo              stack        0000
___stackhi               (abs)        0000
___stacklo               (abs)        0000
___xxtofl                text2        0575
___xxtofl@arg            cstackCOMMON 007A
___xxtofl@exp            cstackCOMMON 0079
___xxtofl@sign           cstackCOMMON 0078
___xxtofl@val            cstackCOMMON 0070
__end_of_Port_Init       text6        0450
__end_of_Timer1_Init     text5        042E
__end_of___fldiv         text3        07FC
__end_of___fltol         text4        0575
__end_of___xxtofl        text2        062D
__end_of__initialization cinit        07FC
__end_of_get_dist        text1        04A5
__end_of_main            maintext     04FD
__initialization         cinit        07FC
__pcstackBANK0           cstackBANK0  0020
__pcstackCOMMON          cstackCOMMON 0070
__pmaintext              maintext     04A5
__ptext1                 text1        0450
__ptext2                 text2        0575
__ptext3                 text3        062D
__ptext4                 text4        04FD
__ptext5                 text5        0422
__ptext6                 text6        042E
_get_dist                text1        0450
_main                    maintext     04A5
btemp                    (abs)        007E
end_of_initialization    cinit        07FC
get_dist@dist            cstackBANK0  003F
intlevel0                functab      0000
intlevel1                functab      0000
intlevel2                functab      0000
intlevel3                functab      0000
intlevel4                functab      0000
intlevel5                functab      0000
main@distance            cstackBANK0  004F
reset_vec                reset_vec    0000
start                    init         0000
start_initialization     cinit        07FC
wtemp0                   (abs)        007E


MODULE INFORMATION

Module		Function		Class		Link	Load	Size
C:\Program Files\Microchip\xc8\v2.46\pic\sources\c99\common\fltol.c
		___fltol       		CODE           	04FD	0000	120

C:\Program Files\Microchip\xc8\v2.46\pic\sources\c99\common\fltol.c estimated size: 120

C:\Program Files\Microchip\xc8\v2.46\pic\sources\c99\common\xxtofl.c
		___xxtofl      		CODE           	0575	0000	184

C:\Program Files\Microchip\xc8\v2.46\pic\sources\c99\common\xxtofl.c estimated size: 184

C:\Program Files\Microchip\xc8\v2.46\pic\sources\c99\common\sprcdiv.c
		___fldiv       		CODE           	062D	0000	463

C:\Program Files\Microchip\xc8\v2.46\pic\sources\c99\common\sprcdiv.c estimated size: 463

shared
		__initialization		CODE           	07FC	0000	1

shared estimated size: 1

main.c
		_main          		CODE           	04A5	0000	88
		_Port_Init     		CODE           	042E	0000	34
		_Timer1_Init   		CODE           	0422	0000	12
		_get_dist      		CODE           	0450	0000	85

main.c estimated size: 219

