Microchip MPLAB XC8 Compiler V2.46

Linker command line:

-W-3 \
  --edf=C:\Program Files\Microchip\xc8\v2.46\pic\dat\20240104201356_en.msgs \
  -cn \
  -h+dist/default/production\LM35_Temperature_Sensor_Interfacing.X.production.sym \
  --cmf=dist/default/production\LM35_Temperature_Sensor_Interfacing.X.production.cmf \
  -z -Q16F877A -oC:\Users\fady0\AppData\Local\Temp\xcAsa8g.\driver_tmp_3.o \
  --defsym=__MPLAB_BUILD=1 --fixupoverflow=error \
  -Mdist/default/production/LM35_Temperature_Sensor_Interfacing.X.production.map \
  --md=C:\Users\fady0\AppData\Local\Temp\xcAsa8g.\driver_tmp_0.dat -E1 \
  -ver=XC8 Compiler --acfsm=1493 -ACODE=00h-07FFhx4 -ASTRCODE=00h-01FFFh \
  -ASTRING=00h-0FFhx32 -ACONST=00h-0FFhx32 -AENTRY=00h-0FFhx32 \
  -ACOMMON=070h-07Fh -ABANK0=020h-06Fh -ABANK1=0A0h-0EFh \
  -ABANK2=0110h-016Fh -ABANK3=0190h-01EFh \
  -ARAM=020h-06Fh,0A0h-0EFh,0110h-016Fh,0190h-01EFh \
  -AABS1=020h-07Fh,0A0h-0EFh,0110h-016Fh,0190h-01EFh -ASFR0=00h-01Fh \
  -ASFR1=080h-09Fh -ASFR2=0100h-010Fh -ASFR3=0180h-018Fh \
  -ACONFIG=02007h-02007h -DCONFIG=2 -AIDLOC=02000h-02003h -DIDLOC=2 \
  -AEEDATA=00h-0FFh/02100h -peeprom_data=EEDATA -DEEDATA=2 -DCODE=2 \
  -DSTRCODE=2 -DSTRING=2 -DCONST=2 -DENTRY=2 \
  -preset_vec=00h,intentry=04h,sivt,init,end_init -ppowerup=CODE \
  -pcinit=CODE -pfunctab=ENTRY -k \
  C:\Users\fady0\AppData\Local\Temp\xcAsa8g.\driver_tmp_17.o \
  dist/default/production\LM35_Temperature_Sensor_Interfacing.X.production.o 

Object code version is 3.11

Machine type is 16F877A



                Name                               Link     Load   Length Selector   Space Scale
C:\Users\fady0\AppData\Local\Temp\xcAsa8g.\driver_tmp_17.o
                end_init                              C        C        3        8       0
                reset_vec                             0        0        3        0       0
                config                             2007     2007        1        0       4
dist/default/production\LM35_Temperature_Sensor_Interfacing.X.production.o
                cinit                                 F        F       1E        8       0
                intentry                              4        4        8        8       0
                text6_split_1                        2D       2D      701        8       0
                config                             2007     2007        1        0       4
                text31                             107B     107B       14     20F6       0
                text30                             1057     1057       12     20AE       0
                text29                             117F     117F       28     22FE       0
                text28                             1069     1069       12     20D2       0
                text27                             104B     104B        C     2096       0
                text26                             10AA     10AA       1E     2154       0
                text25                              72E      72E       BA        8       0
                text24                              88E      88E      1D5     111C       0
                text23                             1236     1236       50     246C       0
                text22                             1423     1423       A4     2846       0
                text21                             1158     1158       27     22B0       0
                text20                              CBB      CBB      345     1976       0
                text19                             1040     1040        B     2080       0
                text18                              A63      A63      258     14C6       0
                text17                             10E9     10E9       24     21D2       0
                text16                             13AD     13AD       76     275A       0
                text15                              801      801       8D     1002       0
                text14                             15C8     15C8      10F     2B90       0
                text13                              7E8      7E8       15        8       0
                text12                             1132     1132       26     2264       0
                text11                              7FD      7FD        1        8       0
                text10                             1286     1286       58     250C       0
                text9                              11A7     11A7       2A     234E       0
                text8                              11FC     11FC       3A     23F8       0
                text7                              108F     108F       1B     211E       0
                text6                              16D7     16D7      129     2DAE       0
                text5                              110D     110D       25     221A       0
                text4                              12DE     12DE       5C     25BC       0
                text3                              14C7     14C7      101     298E       0
                text2                              11D1     11D1       2B     23A2       0
                text1                              10C8     10C8       21     2190       0
                maintext                           133A     133A       73     2674       0
                cstackBANK0                          20       20       50       20       1
                cstackCOMMON                         70       70        C       70       1
                cstackBANK1                          A0       A0       36       A0       1
                clrtext                            1038     1038        8     2070       0
                bssBANK2                            110      110       50      110       1
                bssBANK3                            190      190       19      190       1
                bssBANK1                             D6       D6       13       A0       1
                strings                            1000     1000       29     2000       0

TOTAL           Name                               Link     Load   Length     Space
        CLASS   CODE           
                end_init                              C        C        3         0
                cinit                                 F        F       1E         0
                intentry                              4        4        8         0
                reset_vec                             0        0        3         0
                text6_split_1                        2D       2D      701         0
                text31                             107B     107B       14         0
                text30                             1057     1057       12         0
                text29                             117F     117F       28         0
                text28                             1069     1069       12         0
                text27                             104B     104B        C         0
                text26                             10AA     10AA       1E         0
                text25                              72E      72E       BA         0
                text24                              88E      88E      1D5         0
                text23                             1236     1236       50         0
                text22                             1423     1423       A4         0
                text21                             1158     1158       27         0
                text20                              CBB      CBB      345         0
                text19                             1040     1040        B         0
                text18                              A63      A63      258         0
                text17                             10E9     10E9       24         0
                text16                             13AD     13AD       76         0
                text15                              801      801       8D         0
                text14                             15C8     15C8      10F         0
                text13                              7E8      7E8       15         0
                text12                             1132     1132       26         0
                text11                              7FD      7FD        1         0
                text10                             1286     1286       58         0
                text9                              11A7     11A7       2A         0
                text8                              11FC     11FC       3A         0
                text7                              108F     108F       1B         0
                text6                              16D7     16D7      129         0
                text5                              110D     110D       25         0
                text4                              12DE     12DE       5C         0
                text3                              14C7     14C7      101         0
                text2                              11D1     11D1       2B         0
                text1                              10C8     10C8       21         0
                maintext                           133A     133A       73         0
                clrtext                            1038     1038        8         0

        CLASS   STRCODE        

        CLASS   STRING         
                strings                            1000     1000       29         0

        CLASS   CONST          

        CLASS   ENTRY          

        CLASS   COMMON         
                cstackCOMMON                         70       70        C         1

        CLASS   BANK0          
                cstackBANK0                          20       20       50         1

        CLASS   BANK1          
                cstackBANK1                          A0       A0       36         1
                bssBANK1                             D6       D6       13         1

        CLASS   BANK2          
                bssBANK2                            110      110       50         1

        CLASS   BANK3          
                bssBANK3                            190      190       19         1

        CLASS   RAM            

        CLASS   ABS1           
                abs_s1                               7E       7E        2         1

        CLASS   SFR0           

        CLASS   SFR1           

        CLASS   SFR2           

        CLASS   SFR3           

        CLASS   CONFIG         
                config                             2007     2007        1         4

        CLASS   IDLOC          

        CLASS   EEDATA         

        CLASS   HEAP           

        CLASS   STACK          



SEGMENTS        Name                           Load    Length   Top    Selector   Space  Class     Delta

                reset_vec                      000000  000003  000003         0       0  CODE        2
                intentry                       000004  0007FA  0007FE         8       0  CODE        2
                cstackBANK0                    000020  000050  000070        20       1  BANK0       1
                cstackCOMMON                   000070  00000C  00007C        70       1  COMMON      1
                cstackBANK1                    0000A0  000049  0000E9        A0       1  BANK1       1
                bssBANK2                       000110  000050  000160       110       1  BANK2       1
                bssBANK3                       000190  000019  0001A9       190       1  BANK3       1
                text15                         000801  00008D  00088E      1002       0  CODE        2
                text24                         00088E  0001D5  000A63      111C       0  CODE        2
                text18                         000A63  000258  000CBB      14C6       0  CODE        2
                text20                         000CBB  000345  001000      1976       0  CODE        2
                strings                        001000  000029  001029      2000       0  STRING      2
                clrtext                        001038  000008  001040      2070       0  CODE        2
                text19                         001040  00000B  00104B      2080       0  CODE        2
                text27                         00104B  00000C  001057      2096       0  CODE        2
                text30                         001057  000012  001069      20AE       0  CODE        2
                text28                         001069  000012  00107B      20D2       0  CODE        2
                text31                         00107B  000014  00108F      20F6       0  CODE        2
                text7                          00108F  00001B  0010AA      211E       0  CODE        2
                text26                         0010AA  00001E  0010C8      2154       0  CODE        2
                text1                          0010C8  000021  0010E9      2190       0  CODE        2
                text17                         0010E9  000024  00110D      21D2       0  CODE        2
                text5                          00110D  000025  001132      221A       0  CODE        2
                text12                         001132  000026  001158      2264       0  CODE        2
                text21                         001158  000027  00117F      22B0       0  CODE        2
                text29                         00117F  000028  0011A7      22FE       0  CODE        2
                text9                          0011A7  00002A  0011D1      234E       0  CODE        2
                text2                          0011D1  00002B  0011FC      23A2       0  CODE        2
                text8                          0011FC  00003A  001236      23F8       0  CODE        2
                text23                         001236  000050  001286      246C       0  CODE        2
                text10                         001286  000058  0012DE      250C       0  CODE        2
                text4                          0012DE  00005C  00133A      25BC       0  CODE        2
                maintext                       00133A  000073  0013AD      2674       0  CODE        2
                text16                         0013AD  000076  001423      275A       0  CODE        2
                text22                         001423  0000A4  0014C7      2846       0  CODE        2
                text3                          0014C7  000101  0015C8      298E       0  CODE        2
                text14                         0015C8  00010F  0016D7      2B90       0  CODE        2
                text6                          0016D7  000129  001800      2DAE       0  CODE        2


UNUSED ADDRESS RANGES

        Name                Unused          Largest block    Delta
        BANK1            0000E9-0000EF                7           1
        BANK2            000160-00016F               10           1
        BANK3            0001A9-0001EF               47           1
        CODE             000003-000003                1           2
                         0007FE-000800                2
                         001029-001037                F
                         001800-001FFF              800
        COMMON           00007C-00007D                2           1
        CONST            000003-000003                1           2
                         0007FE-000800                2
                         001029-001037                F
                         001800-001FFF              100
        EEDATA           002100-0021FF              100           2
        ENTRY            000003-000003                1           2
                         0007FE-000800                2
                         001029-001037                F
                         001800-001FFF              100
        IDLOC            002000-002003                4           2
        RAM              0000E9-0000EF                7           1
                         000160-00016F               10
                         0001A9-0001EF               47
        SFR0             000000-00001F               20           1
        SFR1             000080-00009F               20           1
        SFR2             000100-00010F               10           1
        SFR3             000180-00018F               10           1
        STRCODE          000003-000003                1           2
                         0007FE-000800                3
                         001029-001037                F
                         001800-001FFF              800
        STRING           000003-000003                1           2
                         0007FE-000800                2
                         001029-001037                F
                         001800-001FFF              100

                                  Symbol Table

?__Umul8_16                 cstackCOMMON 000072
?___fladd                   cstackCOMMON 000072
?___fldiv                   cstackCOMMON 000072
?___flmul                   cstackBANK0  000026
?___flneg                   cstackCOMMON 000072
?___flsub                   cstackBANK0  000040
?___fltol                   cstackCOMMON 000072
?___fpclassifyf             cstackCOMMON 000072
?___wmul                    cstackCOMMON 000072
?___xxtofl                  cstackCOMMON 000072
?_floorf                    cstackBANK0  000032
?_labs                      cstackCOMMON 000072
?_read_prec_or_width        cstackCOMMON 000078
?_sprintf                   cstackBANK1  0000D1
?_vfprintf                  cstackBANK1  0000CF
ADC_Read@AN                 cstackCOMMON 000073
UART_Write@data             cstackCOMMON 000072
UART_Write_String@i         cstackCOMMON 000075
UART_Write_String@text      cstackCOMMON 000074
_ADCON0                     (abs)        00001F
_ADCON1                     (abs)        00009F
_ADC_Init                   text30       001057
_ADC_Read                   text29       00117F
_ADIE                       (abs)        000466
_ADIF                       (abs)        000066
_ADRESH                     (abs)        00001E
_ADRESL                     (abs)        00009E
_BRGH                       (abs)        0004C2
_GIE                        (abs)        00005F
_ISR                        text31       00107B
_PEIE                       (abs)        00005E
_SPBRG                      (abs)        000099
_SPEN                       (abs)        0000C7
_SYNC                       (abs)        0004C4
_TRISC                      (abs)        000087
_TRMT                       (abs)        0004C1
_TXEN                       (abs)        0004C5
_TXREG                      (abs)        000019
_Temp_String                bssBANK3     000190
_Temperature                bssBANK1     0000DE
_UART_TX_Init               text28       001069
_UART_Write                 text27       00104B
_UART_Write_String          text26       0010AA
__H__absolute__             __absolute__ 000000
__Habs1                     abs1         000000
__Hbank0                    bank0        000000
__Hbank1                    bank1        000000
__Hbank2                    bank2        000000
__Hbank3                    bank3        000000
__HbssBANK1                 bssBANK1     000000
__HbssBANK2                 bssBANK2     000000
__HbssBANK3                 bssBANK3     000000
__Hcinit                    cinit        00002D
__Hclrtext                  clrtext      000000
__Hcode                     code         000000
__Hcommon                   common       000000
__Hconfig                   config       002008
__HcstackBANK0              cstackBANK0  000000
__HcstackBANK1              cstackBANK1  000000
__HcstackCOMMON             cstackCOMMON 000000
__Heeprom_data              eeprom_data  000000
__Hend_init                 end_init     00000F
__Hfunctab                  functab      000000
__Hheap                     heap         000000
__Hinit                     init         00000C
__Hintentry                 intentry     00000C
__Hmaintext                 maintext     000000
__Hpowerup                  powerup      000000
__Hram                      ram          000000
__Hreset_vec                reset_vec    000003
__Hsfr0                     sfr0         000000
__Hsfr1                     sfr1         000000
__Hsfr2                     sfr2         000000
__Hsfr3                     sfr3         000000
__Hsivt                     sivt         00000C
__Hspace_0                  (abs)        001800
__Hspace_1                  (abs)        0001A9
__Hspace_2                  (abs)        000000
__Hspace_3                  (abs)        000000
__Hspace_4                  (abs)        00400F
__Hstack                    stack        000000
__Hstrings                  strings      000000
__Htext                     text         000000
__L__absolute__             __absolute__ 000000
__Labs1                     abs1         000000
__Lbank0                    bank0        000000
__Lbank1                    bank1        000000
__Lbank2                    bank2        000000
__Lbank3                    bank3        000000
__LbssBANK1                 bssBANK1     000000
__LbssBANK2                 bssBANK2     000000
__LbssBANK3                 bssBANK3     000000
__Lcinit                    cinit        00000F
__Lclrtext                  clrtext      000000
__Lcode                     code         000000
__Lcommon                   common       000000
__Lconfig                   config       000000
__LcstackBANK0              cstackBANK0  000000
__LcstackBANK1              cstackBANK1  000000
__LcstackCOMMON             cstackCOMMON 000000
__Leeprom_data              eeprom_data  000000
__Lend_init                 end_init     00000C
__Lfunctab                  functab      000000
__Lheap                     heap         000000
__Linit                     init         00000C
__Lintentry                 intentry     000004
__Lmaintext                 maintext     000000
__Lpowerup                  powerup      000000
__Lram                      ram          000000
__Lreset_vec                reset_vec    000000
__Lsfr0                     sfr0         000000
__Lsfr1                     sfr1         000000
__Lsfr2                     sfr2         000000
__Lsfr3                     sfr3         000000
__Lsivt                     sivt         00000C
__Lspace_0                  (abs)        000000
__Lspace_1                  (abs)        000000
__Lspace_2                  (abs)        000000
__Lspace_3                  (abs)        000000
__Lspace_4                  (abs)        000000
__Lstack                    stack        000000
__Lstrings                  strings      000000
__Ltext                     text         000000
__S0                        (abs)        001800
__S1                        (abs)        0001A9
__S3                        (abs)        000000
__Umul8_16                  text21       001158
__Umul8_16@multiplicand     cstackCOMMON 000072
__Umul8_16@multiplier       cstackCOMMON 00007A
__Umul8_16@product          cstackCOMMON 000076
__Umul8_16@word_mpld        cstackCOMMON 000078
___fladd                    text18       000A63
___fladd@a                  cstackCOMMON 000076
___fladd@aexp               cstackBANK0  000029
___fladd@b                  cstackCOMMON 000072
___fladd@bexp               cstackBANK0  00002A
___fladd@grs                cstackBANK0  00002B
___fladd@signs              cstackBANK0  000028
___fldiv                    text24       00088E
___fldiv@a                  cstackCOMMON 000072
___fldiv@aexp               cstackBANK0  000031
___fldiv@b                  cstackCOMMON 000076
___fldiv@bexp               cstackBANK0  000030
___fldiv@grs                cstackBANK0  00002C
___fldiv@new_exp            cstackBANK0  00002A
___fldiv@rem                cstackBANK0  000025
___fldiv@sign               cstackBANK0  000029
___fleq                     text23       001236
___fleq@ff1                 cstackCOMMON 000072
___fleq@ff2                 cstackCOMMON 000076
___flge                     text22       001423
___flge@ff1                 cstackBANK0  000040
___flge@ff2                 cstackBANK0  000044
___flmul                    text20       000CBB
___flmul@a                  cstackBANK0  00002A
___flmul@aexp               cstackBANK0  000038
___flmul@b                  cstackBANK0  000026
___flmul@bexp               cstackBANK0  000039
___flmul@grs                cstackBANK0  000034
___flmul@prod               cstackBANK0  00003A
___flmul@sign               cstackBANK0  000033
___flmul@temp               cstackBANK0  00003E
___flneg                    text19       001040
___flneg@f1                 cstackCOMMON 000072
___flsub                    text17       0010E9
___flsub@a                  cstackBANK0  000040
___flsub@b                  cstackBANK0  000044
___fltol                    text16       0013AD
___fltol@exp1               cstackCOMMON 00007B
___fltol@f1                 cstackCOMMON 000072
___fltol@sign1              cstackCOMMON 00007A
___fpclassifyf              text15       000801
___fpclassifyf@F465         bssBANK1     0000DA
___fpclassifyf@e            cstackBANK0  000020
___fpclassifyf@u            cstackBANK0  000022
___fpclassifyf@x            cstackCOMMON 000072
___heap_hi                  (abs)        000000
___heap_lo                  (abs)        000000
___int_sp                   stack        000000
___int_stack_hi             stack        000000
___int_stack_lo             stack        000000
___latbits                  (abs)        000002
___sp                       stack        000000
___stack_hi                 stack        000000
___stack_lo                 stack        000000
___stackhi                  (abs)        000000
___stacklo                  (abs)        000000
___wmul                     text5        00110D
___wmul@multiplicand        cstackCOMMON 000074
___wmul@multiplier          cstackCOMMON 000072
___wmul@product             cstackCOMMON 000076
___xxtofl                   text25       00072E
___xxtofl@arg               cstackBANK0  000022
___xxtofl@exp               cstackBANK0  000021
___xxtofl@sign              cstackBANK0  000020
___xxtofl@val               cstackCOMMON 000072
__end_of_ADC_Init           text30       001069
__end_of_ADC_Read           text29       0011A7
__end_of_ISR                text31       00108F
__end_of_UART_TX_Init       text28       00107B
__end_of_UART_Write         text27       001057
__end_of_UART_Write_String  text26       0010C8
__end_of__Umul8_16          text21       00117F
__end_of___fladd            text18       000CBB
__end_of___fldiv            text24       000A63
__end_of___fleq             text23       001286
__end_of___flge             text22       0014C7
__end_of___flmul            text20       001000
__end_of___flneg            text19       00104B
__end_of___flsub            text17       00110D
__end_of___fltol            text16       001423
__end_of___fpclassifyf      text15       00088E
__end_of___wmul             text5        001132
__end_of___xxtofl           text25       0007E8
__end_of__initialization    cinit        000029
__end_of__stringtab         strings      001006
__end_of_efgtoa             text6_split_1 00072E
__end_of_floorf             text14       0016D7
__end_of_fputc              text10       0012DE
__end_of_fputs              text9        0011D1
__end_of_labs               text13       0007FD
__end_of_main               maintext     0013AD
__end_of_memcpy             text12       001158
__end_of_pad                text8        001236
__end_of_putch              text11       0007FE
__end_of_read_prec_or_width text4        00133A
__end_of_sprintf            text1        0010E9
__end_of_strcpy             text7        0010AA
__end_of_vfpfcnvrt          text3        0015C8
__end_of_vfprintf           text2        0011FC
__initialization            cinit        00000F
__pbssBANK1                 bssBANK1     0000D6
__pbssBANK2                 bssBANK2     000110
__pbssBANK3                 bssBANK3     000190
__pcstackBANK0              cstackBANK0  000020
__pcstackBANK1              cstackBANK1  0000A0
__pcstackCOMMON             cstackCOMMON 000070
__pintentry                 intentry     000004
__pmaintext                 maintext     00133A
__pstrings                  strings      001000
__ptext1                    text1        0010C8
__ptext10                   text10       001286
__ptext11                   text11       0007FD
__ptext12                   text12       001132
__ptext13                   text13       0007E8
__ptext14                   text14       0015C8
__ptext15                   text15       000801
__ptext16                   text16       0013AD
__ptext17                   text17       0010E9
__ptext18                   text18       000A63
__ptext19                   text19       001040
__ptext2                    text2        0011D1
__ptext20                   text20       000CBB
__ptext21                   text21       001158
__ptext22                   text22       001423
__ptext23                   text23       001236
__ptext24                   text24       00088E
__ptext25                   text25       00072E
__ptext26                   text26       0010AA
__ptext27                   text27       00104B
__ptext28                   text28       001069
__ptext29                   text29       00117F
__ptext3                    text3        0014C7
__ptext30                   text30       001057
__ptext31                   text31       00107B
__ptext4                    text4        0012DE
__ptext5                    text5        00110D
__ptext6                    text6        0016D7
__ptext7                    text7        00108F
__ptext8                    text8        0011FC
__ptext9                    text9        0011A7
__stringbase                strings      001005
__stringtab                 strings      001000
_dbuf                       bssBANK2     000110
_efgtoa                     text6        0016D7
_efgtoa$658                 cstackBANK1  0000A6
_flags                      bssBANK1     0000E8
_floorf                     text14       0015C8
_fputc                      text10       001286
_fputs                      text9        0011A7
_labs                       text13       0007E8
_main                       maintext     00133A
_memcpy                     text12       001132
_pad                        text8        0011FC
_prec                       bssBANK1     0000E4
_putch                      text11       0007FD
_read_prec_or_width         text4        0012DE
_result                     bssBANK1     0000E6
_sprintf                    text1        0010C8
_strcpy                     text7        00108F
_vfpfcnvrt                  text3        0014C7
_vfprintf                   text2        0011D1
_width                      bssBANK1     0000E2
btemp                       (abs)        00007E
clear_ram0                  clrtext      001038
efgtoa@c                    cstackBANK0  000050
efgtoa@d                    cstackBANK1  0000AB
efgtoa@e                    cstackBANK1  0000B0
efgtoa@f                    cstackBANK0  00004C
efgtoa@fp                   cstackBANK1  0000AF
efgtoa@g                    cstackBANK1  0000C5
efgtoa@h                    cstackBANK1  0000BA
efgtoa@i                    cstackBANK1  0000B8
efgtoa@l                    cstackBANK1  0000BE
efgtoa@m                    cstackBANK1  0000AD
efgtoa@mode                 cstackBANK1  0000A9
efgtoa@n                    cstackBANK1  0000C3
efgtoa@ne                   cstackBANK1  0000A0
efgtoa@nmode                cstackBANK1  0000AA
efgtoa@ou                   cstackBANK1  0000B4
efgtoa@p                    cstackBANK1  0000A2
efgtoa@pp                   cstackBANK1  0000A8
efgtoa@sign                 cstackBANK1  0000C2
efgtoa@t                    cstackBANK1  0000A4
efgtoa@u                    cstackBANK1  0000C9
efgtoa@w                    cstackBANK1  0000B2
end_of_initialization       cinit        000029
floorf@F521                 bssBANK1     0000D6
floorf@e                    cstackBANK0  000040
floorf@m                    cstackBANK0  00003C
floorf@u                    cstackBANK0  000042
floorf@x                    cstackBANK0  000032
fputc@c                     cstackCOMMON 000072
fputc@fp                    cstackCOMMON 000074
fputs@c                     cstackBANK0  000022
fputs@fp                    cstackCOMMON 00007A
fputs@i                     cstackBANK0  000023
fputs@s                     cstackBANK0  000025
interrupt_function          intentry     000004
intlevel0                   functab      000000
intlevel1                   functab      000000
intlevel2                   functab      000000
intlevel3                   functab      000000
intlevel4                   functab      000000
intlevel5                   functab      000000
labs@a                      cstackCOMMON 000072
memcpy@d                    cstackCOMMON 000077
memcpy@d1                   cstackCOMMON 000076
memcpy@n                    cstackCOMMON 000073
memcpy@s                    cstackCOMMON 000078
memcpy@s1                   cstackCOMMON 000072
memcpy@tmp                  cstackCOMMON 000075
pad@buf                     cstackBANK0  000026
pad@fp                      cstackBANK0  00002B
pad@i                       cstackBANK0  000029
pad@p                       cstackBANK0  000027
pnum$text6                  (abs)        000011
pnum$text6_split_1          (abs)        00002D
psplit$0                    (abs)        11002D
read_prec_or_width@ap       cstackCOMMON 000078
read_prec_or_width@c        cstackBANK0  000020
read_prec_or_width@fmt      cstackBANK0  000023
read_prec_or_width@n        cstackBANK0  000021
reset_vec                   reset_vec    000000
saved_w                     (abs)        00007E
sprintf@ap                  cstackBANK0  000062
sprintf@f                   cstackBANK0  000063
sprintf@fmt                 cstackBANK1  0000D1
sprintf@s                   cstackBANK0  000061
start                       init         00000C
start_initialization        cinit        00000F
strcpy@d                    cstackCOMMON 000073
strcpy@dest                 cstackCOMMON 000074
strcpy@src                  cstackCOMMON 000072
vfpfcnvrt@ap                cstackBANK1  0000CE
vfpfcnvrt@c                 cstackBANK0  00005C
vfpfcnvrt@convarg           cstackBANK0  000057
vfpfcnvrt@cp                cstackBANK0  00005D
vfpfcnvrt@fmt               cstackBANK1  0000CD
vfpfcnvrt@fp                cstackBANK0  00005B
vfprintf@ap                 cstackBANK1  0000D0
vfprintf@cfmt               cstackBANK0  00005F
vfprintf@fmt                cstackBANK1  0000CF
vfprintf@fp                 cstackBANK0  00005E
wtemp0                      (abs)        00007E


MODULE INFORMATION

Module		Function		Class		Link	Load	Size
C:\Program Files\Microchip\xc8\v2.46\pic\sources\c99\common\fltol.c
		___fltol       		CODE           	13AD	0000	118

C:\Program Files\Microchip\xc8\v2.46\pic\sources\c99\common\fltol.c estimated size: 118

C:\Program Files\Microchip\xc8\v2.46\pic\sources\c99\common\Umul8_16.c
		__Umul8_16     		CODE           	1158	0000	39

C:\Program Files\Microchip\xc8\v2.46\pic\sources\c99\common\Umul8_16.c estimated size: 39

C:\Program Files\Microchip\xc8\v2.46\pic\sources\c99\common\floorf.c
		_floorf        		CODE           	15C8	0000	271

C:\Program Files\Microchip\xc8\v2.46\pic\sources\c99\common\floorf.c estimated size: 271

C:\Program Files\Microchip\xc8\v2.46\pic\sources\c99\common\nf_fputc.c
		_fputc         		CODE           	1286	0000	88

C:\Program Files\Microchip\xc8\v2.46\pic\sources\c99\common\nf_fputc.c estimated size: 88

C:\Program Files\Microchip\xc8\v2.46\pic\sources\c99\common\xxtofl.c
		___xxtofl      		CODE           	072E	0000	186

C:\Program Files\Microchip\xc8\v2.46\pic\sources\c99\common\xxtofl.c estimated size: 186

C:\Program Files\Microchip\xc8\v2.46\pic\sources\c99\common\flneg.c
		___flneg       		CODE           	1040	0000	11

C:\Program Files\Microchip\xc8\v2.46\pic\sources\c99\common\flneg.c estimated size: 11

C:\Program Files\Microchip\xc8\v2.46\pic\sources\c99\common\__fpclassifyf.c
		___fpclassifyf 		CODE           	0801	0000	141

C:\Program Files\Microchip\xc8\v2.46\pic\sources\c99\common\__fpclassifyf.c estimated size: 141

C:\Program Files\Microchip\xc8\v2.46\pic\sources\c99\common\sprcmul.c
		___flmul       		CODE           	0CBB	0000	837

C:\Program Files\Microchip\xc8\v2.46\pic\sources\c99\common\sprcmul.c estimated size: 837

C:\Program Files\Microchip\xc8\v2.46\pic\sources\c99\common\strcpy.c
		_strcpy        		CODE           	108F	0000	27

C:\Program Files\Microchip\xc8\v2.46\pic\sources\c99\common\strcpy.c estimated size: 27

C:\Program Files\Microchip\xc8\v2.46\pic\sources\c99\common\sprcdiv.c
		___fldiv       		CODE           	088E	0000	469

C:\Program Files\Microchip\xc8\v2.46\pic\sources\c99\common\sprcdiv.c estimated size: 469

C:\Program Files\Microchip\xc8\v2.46\pic\sources\c99\common\fleq.c
		___fleq        		CODE           	1236	0000	80

C:\Program Files\Microchip\xc8\v2.46\pic\sources\c99\common\fleq.c estimated size: 80

C:\Program Files\Microchip\xc8\v2.46\pic\sources\c99\common\doprnt.c
		_read_prec_or_width		CODE           	12DE	0000	92
		_vfpfcnvrt     		CODE           	14C7	0000	257
		_efgtoa        		CODE           	16D7	0000	2090
		_pad           		CODE           	11FC	0000	58
		_vfprintf      		CODE           	11D1	0000	43

C:\Program Files\Microchip\xc8\v2.46\pic\sources\c99\common\doprnt.c estimated size: 2540

C:\Program Files\Microchip\xc8\v2.46\pic\sources\c99\common\nf_sprintf.c
		_sprintf       		CODE           	10C8	0000	33

C:\Program Files\Microchip\xc8\v2.46\pic\sources\c99\common\nf_sprintf.c estimated size: 33

shared
		__stringtab    		STRING         	1000	0000	6
		__initialization		CODE           	000F	0000	26

shared estimated size: 32

C:\Program Files\Microchip\xc8\v2.46\pic\sources\c99\common\putch.c
		_putch         		CODE           	07FD	0000	1

C:\Program Files\Microchip\xc8\v2.46\pic\sources\c99\common\putch.c estimated size: 1

C:\Program Files\Microchip\xc8\v2.46\pic\sources\c99\common\Umul16.c
		___wmul        		CODE           	110D	0000	37

C:\Program Files\Microchip\xc8\v2.46\pic\sources\c99\common\Umul16.c estimated size: 37

C:\Program Files\Microchip\xc8\v2.46\pic\sources\c99\common\nf_fputs.c
		_fputs         		CODE           	11A7	0000	42

C:\Program Files\Microchip\xc8\v2.46\pic\sources\c99\common\nf_fputs.c estimated size: 42

C:\Program Files\Microchip\xc8\v2.46\pic\sources\c99\common\sprcadd.c
		___flsub       		CODE           	10E9	0000	36
		___fladd       		CODE           	0A63	0000	600

C:\Program Files\Microchip\xc8\v2.46\pic\sources\c99\common\sprcadd.c estimated size: 636

C:\Program Files\Microchip\xc8\v2.46\pic\sources\c99\common\memcpy.c
		_memcpy        		CODE           	1132	0000	38

C:\Program Files\Microchip\xc8\v2.46\pic\sources\c99\common\memcpy.c estimated size: 38

C:\Program Files\Microchip\xc8\v2.46\pic\sources\c99\common\labs.c
		_labs          		CODE           	07E8	0000	21

C:\Program Files\Microchip\xc8\v2.46\pic\sources\c99\common\labs.c estimated size: 21

main.c
		_UART_Write_String		CODE           	10AA	0000	30
		_ISR           		CODE           	107B	0000	20
		_main          		CODE           	133A	0000	115
		_UART_Write    		CODE           	104B	0000	12
		_ADC_Read      		CODE           	117F	0000	40
		_ADC_Init      		CODE           	1057	0000	18
		_UART_TX_Init  		CODE           	1069	0000	18

main.c estimated size: 253

C:\Program Files\Microchip\xc8\v2.46\pic\sources\c99\common\flge.c
		___flge        		CODE           	1423	0000	164

C:\Program Files\Microchip\xc8\v2.46\pic\sources\c99\common\flge.c estimated size: 164

