Microchip MPLAB XC8 Compiler V2.46

Linker command line:

-W-3 \
  --edf=C:\Program Files\Microchip\xc8\v2.46\pic\dat\20240104201356_en.msgs \
  -cn -h+dist/default/production\I2C_EEPROM.X.production.sym \
  --cmf=dist/default/production\I2C_EEPROM.X.production.cmf -z -Q16F877A \
  -oC:\Users\fady0\AppData\Local\Temp\xcBsbm4.1\driver_tmp_3.o \
  --defsym=__MPLAB_BUILD=1 --fixupoverflow=error \
  -Mdist/default/production/I2C_EEPROM.X.production.map \
  --md=C:\Users\fady0\AppData\Local\Temp\xcBsbm4.1\driver_tmp_0.dat -E1 \
  -ver=XC8 Compiler --acfsm=1493 -ACODE=00h-07FFhx4 -ASTRCODE=00h-01FFFh \
  -ASTRING=00h-0FFhx32 -ACONST=00h-0FFhx32 -AENTRY=00h-0FFhx32 \
  -ACOMMON=070h-07Fh -ABANK0=020h-06Fh -ABANK1=0A0h-0EFh \
  -ABANK2=0110h-016Fh -ABANK3=0190h-01EFh \
  -ARAM=020h-06Fh,0A0h-0EFh,0110h-016Fh,0190h-01EFh \
  -AABS1=020h-07Fh,0A0h-0EFh,0110h-016Fh,0190h-01EFh -ASFR0=00h-01Fh \
  -ASFR1=080h-09Fh -ASFR2=0100h-010Fh -ASFR3=0180h-018Fh \
  -ACONFIG=02007h-02007h -DCONFIG=2 -AIDLOC=02000h-02003h -DIDLOC=2 \
  -AEEDATA=00h-0FFh/02100h -peeprom_data=EEDATA -DEEDATA=2 -DCODE=2 \
  -DSTRCODE=2 -DSTRING=2 -DCONST=2 -DENTRY=2 \
  -preset_vec=00h,intentry,sivt,init,end_init -ppowerup=CODE -pcinit=CODE \
  -pfunctab=ENTRY -k \
  C:\Users\fady0\AppData\Local\Temp\xcBsbm4.1\driver_tmp_12.o \
  dist/default/production\I2C_EEPROM.X.production.o 

Object code version is 3.11

Machine type is 16F877A



                Name                               Link     Load   Length Selector   Space Scale
C:\Users\fady0\AppData\Local\Temp\xcBsbm4.1\driver_tmp_12.o
                end_init                              0        0        3        0       0
                config                             2007     2007        1        0       4
dist/default/production\I2C_EEPROM.X.production.o
                cinit                               7FC      7FC        4      FF8       0
                config                             2007     2007        1        0       4
                text12                              5D9      5D9        D      BB2       0
                text11                              5B4      5B4        9      B68       0
                text10                              5BD      5BD        9      B7A       0
                text9                               5C6      5C6        9      B8C       0
                text8                               5E6      5E6       15      BCC       0
                text7                               5CF      5CF        A      B9E       0
                text6                               5FB      5FB       17      BF6       0
                text5                               67C      67C       3F      CF8       0
                text4                               612      612       2E      C24       0
                text3                               6BB      6BB       66      D76       0
                text2                               640      640       3C      C80       0
                text1                               5AD      5AD        7      B5A       0
                maintext                            721      721       DB      E42       0
                cstackBANK0                          20       20        E       20       1
                cstackCOMMON                         70       70        E       70       1

TOTAL           Name                               Link     Load   Length     Space
        CLASS   CODE           
                end_init                              0        0        3         0
                cinit                               7FC      7FC        4         0
                text12                              5D9      5D9        D         0
                text11                              5B4      5B4        9         0
                text10                              5BD      5BD        9         0
                text9                               5C6      5C6        9         0
                text8                               5E6      5E6       15         0
                text7                               5CF      5CF        A         0
                text6                               5FB      5FB       17         0
                text5                               67C      67C       3F         0
                text4                               612      612       2E         0
                text3                               6BB      6BB       66         0
                text2                               640      640       3C         0
                text1                               5AD      5AD        7         0
                maintext                            721      721       DB         0

        CLASS   STRCODE        

        CLASS   STRING         

        CLASS   CONST          

        CLASS   ENTRY          

        CLASS   COMMON         
                cstackCOMMON                         70       70        E         1

        CLASS   BANK0          
                cstackBANK0                          20       20        E         1

        CLASS   BANK1          

        CLASS   BANK2          

        CLASS   BANK3          

        CLASS   RAM            

        CLASS   ABS1           
                abs_s1                               7E       7E        2         1

        CLASS   SFR0           

        CLASS   SFR1           

        CLASS   SFR2           

        CLASS   SFR3           

        CLASS   CONFIG         
                config                             2007     2007        1         4

        CLASS   IDLOC          

        CLASS   EEDATA         

        CLASS   HEAP           

        CLASS   STACK          



SEGMENTS        Name                           Load    Length   Top    Selector   Space  Class     Delta

                reset_vec                      000000  000003  000003         0       0  CODE        2
                cstackBANK0                    000020  00000E  00002E        20       1  BANK0       1
                cstackCOMMON                   000070  00000E  00007E        70       1  COMMON      1
                text1                          0005AD  000007  0005B4       B5A       0  CODE        2
                text11                         0005B4  000009  0005BD       B68       0  CODE        2
                text10                         0005BD  000009  0005C6       B7A       0  CODE        2
                text9                          0005C6  000009  0005CF       B8C       0  CODE        2
                text7                          0005CF  00000A  0005D9       B9E       0  CODE        2
                text12                         0005D9  00000D  0005E6       BB2       0  CODE        2
                text8                          0005E6  000015  0005FB       BCC       0  CODE        2
                text6                          0005FB  000017  000612       BF6       0  CODE        2
                text4                          000612  00002E  000640       C24       0  CODE        2
                text2                          000640  00003C  00067C       C80       0  CODE        2
                text5                          00067C  00003F  0006BB       CF8       0  CODE        2
                text3                          0006BB  000066  000721       D76       0  CODE        2
                maintext                       000721  0000DB  0007FC       E42       0  CODE        2
                cinit                          0007FC  000004  000800       FF8       0  CODE        2


UNUSED ADDRESS RANGES

        Name                Unused          Largest block    Delta
        BANK0            002E-006F             42           1
        BANK1            00A0-00EF             50           1
        BANK2            0110-016F             60           1
        BANK3            0190-01EF             60           1
        CODE             0003-05AC            5AA           2
                         0800-1FFF            800
        CONST            0003-05AC            100           2
                         0800-1FFF            100
        EEDATA           2100-21FF            100           2
        ENTRY            0003-05AC            100           2
                         0800-1FFF            100
        IDLOC            2000-2003              4           2
        RAM              002E-006F             42           1
                         00A0-00EF             50
                         0110-016F             60
                         0190-01EF             60
        SFR0             0000-001F             20           1
        SFR1             0080-009F             20           1
        SFR2             0100-010F             10           1
        SFR3             0180-018F             10           1
        STRCODE          0003-05AC            5AA           2
                         0800-1FFF           1800
        STRING           0003-05AC            100           2
                         0800-1FFF            100

                                  Symbol Table

?___lldiv                          cstackCOMMON 0070
EEPROM_Byte_Read@Data              cstackCOMMON 0073
EEPROM_Byte_Read@add               cstackCOMMON 0071
EEPROM_Write@add                   cstackCOMMON 0071
EEPROM_Write@data                  cstackCOMMON 0073
I2C_Master_Init@BaudRate           cstackBANK0  0020
I2C_Master_Write@data              cstackCOMMON 0070
_ACKDT                             (abs)        048D
_ACKEN                             (abs)        048C
_ACKSTAT                           (abs)        048E
_EEPROM_Byte_Read                  text5        067C
_EEPROM_Write                      text4        0612
_I2C_Master_Init                   text2        0640
_I2C_Master_Repeated_Start         text11       05B4
_I2C_Master_Start                  text10       05BD
_I2C_Master_Stop                   text9        05C6
_I2C_Master_Wait                   text12       05D9
_I2C_Master_Write                  text8        05E6
_I2C_NACK                          text7        05CF
_I2C_Read_Byte                     text6        05FB
_PEN                               (abs)        048A
_PORTD                             (abs)        0008
_RCEN                              (abs)        048B
_RSEN                              (abs)        0489
_SEN                               (abs)        0488
_SSPADD                            (abs)        0093
_SSPBUF                            (abs)        0013
_SSPCON                            (abs)        0014
_SSPCON2                           (abs)        0091
_SSPIF                             (abs)        0063
_SSPSTAT                           (abs)        0094
_TRISC                             (abs)        0087
_TRISD                             (abs)        0088
__H__absolute__                    __absolute__ 0000
__Habs1                            abs1         0000
__Hbank0                           bank0        0000
__Hbank1                           bank1        0000
__Hbank2                           bank2        0000
__Hbank3                           bank3        0000
__Hcinit                           cinit        0800
__Hclrtext                         clrtext      0000
__Hcode                            code         0000
__Hcommon                          common       0000
__Hconfig                          config       2008
__HcstackBANK0                     cstackBANK0  0000
__HcstackCOMMON                    cstackCOMMON 0000
__Heeprom_data                     eeprom_data  0000
__Hend_init                        end_init     0003
__Hfunctab                         functab      0000
__Hheap                            heap         0000
__Hinit                            init         0000
__Hintentry                        intentry     0000
__Hmaintext                        maintext     0000
__Hpowerup                         powerup      0000
__Hram                             ram          0000
__Hreset_vec                       reset_vec    0000
__Hsfr0                            sfr0         0000
__Hsfr1                            sfr1         0000
__Hsfr2                            sfr2         0000
__Hsfr3                            sfr3         0000
__Hsivt                            sivt         0000
__Hspace_0                         (abs)        0800
__Hspace_1                         (abs)        007E
__Hspace_2                         (abs)        0000
__Hspace_3                         (abs)        0000
__Hspace_4                         (abs)        400F
__Hstack                           stack        0000
__Hstrings                         strings      0000
__Htext                            text         0000
__L__absolute__                    __absolute__ 0000
__Labs1                            abs1         0000
__Lbank0                           bank0        0000
__Lbank1                           bank1        0000
__Lbank2                           bank2        0000
__Lbank3                           bank3        0000
__Lcinit                           cinit        07FC
__Lclrtext                         clrtext      0000
__Lcode                            code         0000
__Lcommon                          common       0000
__Lconfig                          config       0000
__LcstackBANK0                     cstackBANK0  0000
__LcstackCOMMON                    cstackCOMMON 0000
__Leeprom_data                     eeprom_data  0000
__Lend_init                        end_init     0000
__Lfunctab                         functab      0000
__Lheap                            heap         0000
__Linit                            init         0000
__Lintentry                        intentry     0000
__Lmaintext                        maintext     0000
__Lpowerup                         powerup      0000
__Lram                             ram          0000
__Lreset_vec                       reset_vec    0000
__Lsfr0                            sfr0         0000
__Lsfr1                            sfr1         0000
__Lsfr2                            sfr2         0000
__Lsfr3                            sfr3         0000
__Lsivt                            sivt         0000
__Lspace_0                         (abs)        0000
__Lspace_1                         (abs)        0000
__Lspace_2                         (abs)        0000
__Lspace_3                         (abs)        0000
__Lspace_4                         (abs)        0000
__Lstack                           stack        0000
__Lstrings                         strings      0000
__Ltext                            text         0000
__S0                               (abs)        0800
__S1                               (abs)        007E
__S3                               (abs)        0000
___heap_hi                         (abs)        0000
___heap_lo                         (abs)        0000
___int_sp                          stack        0000
___int_stack_hi                    stack        0000
___int_stack_lo                    stack        0000
___latbits                         (abs)        0002
___lldiv                           text3        06BB
___lldiv@counter                   cstackCOMMON 007D
___lldiv@dividend                  cstackCOMMON 0074
___lldiv@divisor                   cstackCOMMON 0070
___lldiv@quotient                  cstackCOMMON 0079
___sp                              stack        0000
___stack_hi                        stack        0000
___stack_lo                        stack        0000
___stackhi                         (abs)        0000
___stacklo                         (abs)        0000
__end_of_EEPROM_Byte_Read          text5        06BB
__end_of_EEPROM_Write              text4        0640
__end_of_I2C_Master_Init           text2        067C
__end_of_I2C_Master_Repeated_Start text11       05BD
__end_of_I2C_Master_Start          text10       05C6
__end_of_I2C_Master_Stop           text9        05CF
__end_of_I2C_Master_Wait           text12       05E6
__end_of_I2C_Master_Write          text8        05FB
__end_of_I2C_NACK                  text7        05D9
__end_of_I2C_Read_Byte             text6        0612
__end_of___lldiv                   text3        0721
__end_of__initialization           cinit        07FC
__end_of_main                      maintext     07FC
__end_of_port_init                 text1        05B4
__initialization                   cinit        07FC
__pcstackBANK0                     cstackBANK0  0020
__pcstackCOMMON                    cstackCOMMON 0070
__pmaintext                        maintext     0721
__ptext1                           text1        05AD
__ptext10                          text10       05BD
__ptext11                          text11       05B4
__ptext12                          text12       05D9
__ptext2                           text2        0640
__ptext3                           text3        06BB
__ptext4                           text4        0612
__ptext5                           text5        067C
__ptext6                           text6        05FB
__ptext7                           text7        05CF
__ptext8                           text8        05E6
__ptext9                           text9        05C6
_main                              maintext     0721
_port_init                         text1        05AD
btemp                              (abs)        007E
end_of_initialization              cinit        07FC
intlevel0                          functab      0000
intlevel1                          functab      0000
intlevel2                          functab      0000
intlevel3                          functab      0000
intlevel4                          functab      0000
intlevel5                          functab      0000
main@Address                       cstackBANK0  002C
main@data                          cstackBANK0  002B
reset_vec                          reset_vec    0000
start                              init         0000
start_initialization               cinit        07FC
wtemp0                             (abs)        007E


MODULE INFORMATION

Module		Function		Class		Link	Load	Size
I2C_Master.c
		_I2C_Master_Wait		CODE           	05D9	0000	13
		_I2C_Master_Init		CODE           	0640	0000	60
		_I2C_Master_Stop		CODE           	05C6	0000	9
		_I2C_Master_Repeated_Start		CODE           	05B4	0000	9
		_I2C_Read_Byte 		CODE           	05FB	0000	23
		_I2C_Master_Write		CODE           	05E6	0000	21
		_I2C_NACK      		CODE           	05CF	0000	10
		_I2C_Master_Start		CODE           	05BD	0000	9

I2C_Master.c estimated size: 154

shared
		__initialization		CODE           	07FC	0000	1

shared estimated size: 1

C:\Program Files\Microchip\xc8\v2.46\pic\sources\c99\common\__lldiv.c
		___lldiv       		CODE           	06BB	0000	102

C:\Program Files\Microchip\xc8\v2.46\pic\sources\c99\common\__lldiv.c estimated size: 102

I2C_EEPROM.c
		_EEPROM_Byte_Read		CODE           	067C	0000	63
		_EEPROM_Write  		CODE           	0612	0000	46

I2C_EEPROM.c estimated size: 109

main.c
		_main          		CODE           	0721	0000	219
		_port_init     		CODE           	05AD	0000	7

main.c estimated size: 226

