Microchip MPLAB XC8 Compiler V2.46

Linker command line:

-W-3 \
  --edf=C:\Program Files\Microchip\xc8\v2.46\pic\dat\20240104201356_en.msgs \
  -cn -h+dist/default/production\UART_RX.X.production.sym \
  --cmf=dist/default/production\UART_RX.X.production.cmf -z -Q16F877A \
  -oC:\Users\fady0\AppData\Local\Temp\xcBs4ps.1\driver_tmp_3.o \
  --defsym=__MPLAB_BUILD=1 --fixupoverflow=error \
  -Mdist/default/production/UART_RX.X.production.map \
  --md=C:\Users\fady0\AppData\Local\Temp\xcBs4ps.1\driver_tmp_0.dat -E1 \
  -ver=XC8 Compiler --acfsm=1493 -ACODE=00h-07FFhx4 -ASTRCODE=00h-01FFFh \
  -ASTRING=00h-0FFhx32 -ACONST=00h-0FFhx32 -AENTRY=00h-0FFhx32 \
  -ACOMMON=070h-07Fh -ABANK0=020h-06Fh -ABANK1=0A0h-0EFh \
  -ABANK2=0110h-016Fh -ABANK3=0190h-01EFh \
  -ARAM=020h-06Fh,0A0h-0EFh,0110h-016Fh,0190h-01EFh \
  -AABS1=020h-07Fh,0A0h-0EFh,0110h-016Fh,0190h-01EFh -ASFR0=00h-01Fh \
  -ASFR1=080h-09Fh -ASFR2=0100h-010Fh -ASFR3=0180h-018Fh \
  -ACONFIG=02007h-02007h -DCONFIG=2 -AIDLOC=02000h-02003h -DIDLOC=2 \
  -AEEDATA=00h-0FFh/02100h -peeprom_data=EEDATA -DEEDATA=2 -DCODE=2 \
  -DSTRCODE=2 -DSTRING=2 -DCONST=2 -DENTRY=2 \
  -preset_vec=00h,intentry=04h,sivt,init,end_init -ppowerup=CODE \
  -pcinit=CODE -pfunctab=ENTRY -k \
  C:\Users\fady0\AppData\Local\Temp\xcBs4ps.1\driver_tmp_12.o \
  dist/default/production\UART_RX.X.production.o 

Object code version is 3.11

Machine type is 16F877A



                Name                               Link     Load   Length Selector   Space Scale
C:\Users\fady0\AppData\Local\Temp\xcBs4ps.1\driver_tmp_12.o
                end_init                             10       10        3        8       0
                reset_vec                             0        0        3        0       0
                config                             2007     2007        1        0       4
dist/default/production\UART_RX.X.production.o
                cinit                                13       13        E        8       0
                intentry                              4        4        C        8       0
                config                             2007     2007        1        0       4
                text9                               155      155       27        8       0
                text8                               1A1      1A1       22        8       0
                text7                               1C3      1C3       16        8       0
                text6                               1ED      1ED        D        8       0
                text5                                21       21       62        8       0
                text4                                83       83       4D        8       0
                text3                               116      116       3F        8       0
                text2                               17C      17C       25        8       0
                text1                               1D9      1D9       14        8       0
                maintext                             D0       D0       46        8       0
                cstackBANK0                          35       35        4       20       1
                cstackCOMMON                         70       70        9       70       1
                clrtext                             1FA      1FA        8        8       0
                bssBANK0                             20       20       15       20       1
                bssCOMMON                            79       79        1       70       1

TOTAL           Name                               Link     Load   Length     Space
        CLASS   CODE           
                end_init                             10       10        3         0
                cinit                                13       13        E         0
                intentry                              4        4        C         0
                reset_vec                             0        0        3         0
                text9                               155      155       27         0
                text8                               1A1      1A1       22         0
                text7                               1C3      1C3       16         0
                text6                               1ED      1ED        D         0
                text5                                21       21       62         0
                text4                                83       83       4D         0
                text3                               116      116       3F         0
                text2                               17C      17C       25         0
                text1                               1D9      1D9       14         0
                maintext                             D0       D0       46         0
                clrtext                             1FA      1FA        8         0

        CLASS   STRCODE        

        CLASS   STRING         

        CLASS   CONST          

        CLASS   ENTRY          

        CLASS   COMMON         
                cstackCOMMON                         70       70        9         1
                bssCOMMON                            79       79        1         1

        CLASS   BANK0          
                cstackBANK0                          35       35        4         1
                bssBANK0                             20       20       15         1

        CLASS   BANK1          

        CLASS   BANK2          

        CLASS   BANK3          

        CLASS   RAM            

        CLASS   ABS1           
                abs_s1                               7E       7E        2         1

        CLASS   SFR0           

        CLASS   SFR1           

        CLASS   SFR2           

        CLASS   SFR3           

        CLASS   CONFIG         
                config                             2007     2007        1         4

        CLASS   IDLOC          

        CLASS   EEDATA         

        CLASS   HEAP           

        CLASS   STACK          



SEGMENTS        Name                           Load    Length   Top    Selector   Space  Class     Delta

                reset_vec                      000000  000003  000003         0       0  CODE        2
                intentry                       000004  0001FE  000202         8       0  CODE        2
                bssBANK0                       000020  000019  000039        20       1  BANK0       1
                cstackCOMMON                   000070  00000A  00007A        70       1  COMMON      1


UNUSED ADDRESS RANGES

        Name                Unused          Largest block    Delta
        BANK0            0039-006F             37           1
        BANK1            00A0-00EF             50           1
        BANK2            0110-016F             60           1
        BANK3            0190-01EF             60           1
        CODE             0003-0003              1           2
                         0202-1FFF            800
        COMMON           007A-007D              4           1
        CONST            0003-0003              1           2
                         0202-1FFF            100
        EEDATA           2100-21FF            100           2
        ENTRY            0003-0003              1           2
                         0202-1FFF            100
        IDLOC            2000-2003              4           2
        RAM              0039-006F             37           1
                         00A0-00EF             50
                         0110-016F             60
                         0190-01EF             60
        SFR0             0000-001F             20           1
        SFR1             0080-009F             20           1
        SFR2             0100-010F             10           1
        SFR3             0180-018F             10           1
        STRCODE          0003-0003              1           2
                         0202-1FFF           1DFE
        STRING           0003-0003              1           2
                         0202-1FFF            100

                                  Symbol Table

LCD_CMD@CMD               cstackCOMMON 0076
LCD_DATA@Data             cstackCOMMON 0074
LCD_Set_Cursor@High4      cstackBANK0  0037
LCD_Set_Cursor@Low4       cstackBANK0  0036
LCD_Set_Cursor@Temp       cstackBANK0  0038
LCD_Set_Cursor@c          cstackCOMMON 0077
LCD_Set_Cursor@r          cstackBANK0  0035
LCD_Write_Char@Data       cstackCOMMON 0078
LCD_Write_Char@High4      cstackCOMMON 0077
LCD_Write_Char@Low4       cstackCOMMON 0076
LCD_Write_String@i        cstackBANK0  0037
LCD_Write_String@str      cstackBANK0  0036
_BRGH                     (abs)        04C2
_CREN                     (abs)        00C4
_GIE                      (abs)        005F
_ISR                      text9        0155
_LCD_CMD                  text7        01C3
_LCD_Clear                text6        01ED
_LCD_DATA                 text8        01A1
_LCD_FLAG                 bssBANK0     0020
_LCD_Init                 text5        0021
_LCD_Set_Cursor           text4        0083
_LCD_Write_Char           text3        0116
_LCD_Write_String         text2        017C
_PEIE                     (abs)        005E
_RB0                      (abs)        0030
_RB1                      (abs)        0031
_RB2                      (abs)        0032
_RB3                      (abs)        0033
_RB4                      (abs)        0034
_RB5                      (abs)        0035
_RC0                      (abs)        0038
_RCIE                     (abs)        0465
_RCIF                     (abs)        0065
_RCREG                    (abs)        001A
_SPBRG                    (abs)        0099
_SPEN                     (abs)        00C7
_SYNC                     (abs)        04C4
_TRISB                    (abs)        0086
_TRISB4                   (abs)        0434
_TRISB5                   (abs)        0435
_TRISC6                   (abs)        043E
_TRISC7                   (abs)        043F
_UART_RX_Init             text1        01D9
__H__absolute__           __absolute__ 0000
__Habs1                   abs1         0000
__Hbank0                  bank0        0000
__Hbank1                  bank1        0000
__Hbank2                  bank2        0000
__Hbank3                  bank3        0000
__HbssBANK0               bssBANK0     0000
__HbssCOMMON              bssCOMMON    0000
__Hcinit                  cinit        0021
__Hclrtext                clrtext      0000
__Hcode                   code         0000
__Hcommon                 common       0000
__Hconfig                 config       2008
__HcstackBANK0            cstackBANK0  0000
__HcstackCOMMON           cstackCOMMON 0000
__Heeprom_data            eeprom_data  0000
__Hend_init               end_init     0013
__Hfunctab                functab      0000
__Hheap                   heap         0000
__Hinit                   init         0010
__Hintentry               intentry     0010
__Hmaintext               maintext     0000
__Hpowerup                powerup      0000
__Hram                    ram          0000
__Hreset_vec              reset_vec    0003
__Hsfr0                   sfr0         0000
__Hsfr1                   sfr1         0000
__Hsfr2                   sfr2         0000
__Hsfr3                   sfr3         0000
__Hsivt                   sivt         0010
__Hspace_0                (abs)        0202
__Hspace_1                (abs)        007A
__Hspace_2                (abs)        0000
__Hspace_3                (abs)        0000
__Hspace_4                (abs)        400F
__Hstack                  stack        0000
__Hstrings                strings      0000
__Htext                   text         0000
__L__absolute__           __absolute__ 0000
__Labs1                   abs1         0000
__Lbank0                  bank0        0000
__Lbank1                  bank1        0000
__Lbank2                  bank2        0000
__Lbank3                  bank3        0000
__LbssBANK0               bssBANK0     0000
__LbssCOMMON              bssCOMMON    0000
__Lcinit                  cinit        0013
__Lclrtext                clrtext      0000
__Lcode                   code         0000
__Lcommon                 common       0000
__Lconfig                 config       0000
__LcstackBANK0            cstackBANK0  0000
__LcstackCOMMON           cstackCOMMON 0000
__Leeprom_data            eeprom_data  0000
__Lend_init               end_init     0010
__Lfunctab                functab      0000
__Lheap                   heap         0000
__Linit                   init         0010
__Lintentry               intentry     0004
__Lmaintext               maintext     0000
__Lpowerup                powerup      0000
__Lram                    ram          0000
__Lreset_vec              reset_vec    0000
__Lsfr0                   sfr0         0000
__Lsfr1                   sfr1         0000
__Lsfr2                   sfr2         0000
__Lsfr3                   sfr3         0000
__Lsivt                   sivt         0010
__Lspace_0                (abs)        0000
__Lspace_1                (abs)        0000
__Lspace_2                (abs)        0000
__Lspace_3                (abs)        0000
__Lspace_4                (abs)        0000
__Lstack                  stack        0000
__Lstrings                strings      0000
__Ltext                   text         0000
__S0                      (abs)        0202
__S1                      (abs)        007A
__S3                      (abs)        0000
___heap_hi                (abs)        0000
___heap_lo                (abs)        0000
___int_sp                 stack        0000
___int_stack_hi           stack        0000
___int_stack_lo           stack        0000
___latbits                (abs)        0002
___sp                     stack        0000
___stack_hi               stack        0000
___stack_lo               stack        0000
___stackhi                (abs)        0000
___stacklo                (abs)        0000
__end_of_ISR              text9        017C
__end_of_LCD_CMD          text7        01D9
__end_of_LCD_Clear        text6        01FA
__end_of_LCD_DATA         text8        01C3
__end_of_LCD_Init         text5        0083
__end_of_LCD_Set_Cursor   text4        00D0
__end_of_LCD_Write_Char   text3        0155
__end_of_LCD_Write_String text2        01A1
__end_of_UART_RX_Init     text1        01ED
__end_of__initialization  cinit        001D
__end_of_main             maintext     0116
__initialization          cinit        0013
__pbssBANK0               bssBANK0     0020
__pbssCOMMON              bssCOMMON    0079
__pcstackBANK0            cstackBANK0  0035
__pcstackCOMMON           cstackCOMMON 0070
__pintentry               intentry     0004
__pmaintext               maintext     00D0
__ptext1                  text1        01D9
__ptext2                  text2        017C
__ptext3                  text3        0116
__ptext4                  text4        0083
__ptext5                  text5        0021
__ptext6                  text6        01ED
__ptext7                  text7        01C3
__ptext8                  text8        01A1
__ptext9                  text9        0155
_i                        bssCOMMON    0079
_main                     maintext     00D0
_string                   bssBANK0     0021
btemp                     (abs)        007E
clear_ram0                clrtext      01FA
end_of_initialization     cinit        001D
interrupt_function        intentry     0004
intlevel0                 functab      0000
intlevel1                 functab      0000
intlevel2                 functab      0000
intlevel3                 functab      0000
intlevel4                 functab      0000
intlevel5                 functab      0000
reset_vec                 reset_vec    0000
saved_w                   (abs)        007E
start                     init         0010
start_initialization      cinit        0013
wtemp0                    (abs)        007E


MODULE INFORMATION

Module		Function		Class		Link	Load	Size
main_RX.c
		_ISR           		CODE           	0155	0000	39
		_UART_RX_Init  		CODE           	01D9	0000	20
		_main          		CODE           	00D0	0000	70

main_RX.c estimated size: 129

shared
		__initialization		CODE           	0013	0000	10

shared estimated size: 10

LCD.c
		_LCD_Init      		CODE           	0021	0000	98
		_LCD_Write_Char		CODE           	0116	0000	63
		_LCD_CMD       		CODE           	01C3	0000	22
		_LCD_DATA      		CODE           	01A1	0000	34
		_LCD_Set_Cursor		CODE           	0083	0000	77
		_LCD_Clear     		CODE           	01ED	0000	13
		_LCD_Write_String		CODE           	017C	0000	37

LCD.c estimated size: 344

